[1/563] Building C object externals/libressl/crypto/CMakeFiles/crypto.dir/empty.c.o
[2/563] Linking C shared library externals\gamemode\libgamemode.so
cache:INFO: generating system asset: sysroot\lib\wasm32-emscripten\pic\crtbegin-mt.o... (this will be cached in "C:\Users\shubadub\AppData\Local\emscripten_cache\sysroot\lib\wasm32-emscripten\pic\crtbegin-mt.o" for subsequent builds)
system_libs:INFO: compiled 1 inputs in 0.36s
cache:INFO:  - ok
[3/563] Building CXX object externals/fmt/CMakeFiles/fmt.dir/src/os.cc.o
[4/563] Building C object externals/libressl/ssl/CMakeFiles/bs_obj.dir/bs_ber.c.o
[5/563] Building C object externals/libressl/ssl/CMakeFiles/bs_obj.dir/bs_cbb.c.o
[6/563] Building C object externals/libressl/ssl/CMakeFiles/bs_obj.dir/bs_cbs.c.o
[7/563] Linking C shared library externals\libressl\crypto\libcrypto.so.51.0.0
emcc: warning: ignoring unsupported linker flag: `--version-script` [-Wlinkflags]
[8/563] Creating library symlink externals/libressl/crypto/libcrypto.so.51 externals/libressl/crypto/libcrypto.so
[9/563] Building CXX object externals/soundtouch/CMakeFiles/SoundTouch.dir/source/SoundTouch/AAFilter.cpp.o
[10/563] Building CXX object externals/soundtouch/CMakeFiles/SoundTouch.dir/source/SoundTouch/BPMDetect.cpp.o
[11/563] Building CXX object externals/fmt/CMakeFiles/fmt.dir/src/format.cc.o
[12/563] Building CXX object externals/soundtouch/CMakeFiles/SoundTouch.dir/source/SoundTouch/cpu_detect_x86.cpp.o
[13/563] Building CXX object externals/soundtouch/CMakeFiles/SoundTouch.dir/source/SoundTouch/FIFOSampleBuffer.cpp.o
[14/563] Linking CXX shared library externals\fmt\libfmt.so.12.0.0
[15/563] Creating library symlink externals/fmt/libfmt.so.12 externals/fmt/libfmt.so
[16/563] Building CXX object externals/soundtouch/CMakeFiles/SoundTouch.dir/source/SoundTouch/FIRFilter.cpp.o
[17/563] Building CXX object externals/soundtouch/CMakeFiles/SoundTouch.dir/source/SoundTouch/InterpolateCubic.cpp.o
[18/563] Building CXX object externals/soundtouch/CMakeFiles/SoundTouch.dir/source/SoundTouch/PeakFinder.cpp.o
[19/563] Building CXX object externals/soundtouch/CMakeFiles/SoundTouch.dir/source/SoundTouch/InterpolateLinear.cpp.o
[20/563] Building CXX object externals/soundtouch/CMakeFiles/SoundTouch.dir/source/SoundTouch/InterpolateShannon.cpp.o
[21/563] Building CXX object externals/soundtouch/CMakeFiles/SoundTouch.dir/source/SoundTouch/mmx_optimized.cpp.o
[22/563] Building CXX object externals/soundtouch/CMakeFiles/SoundTouch.dir/source/SoundTouch/SoundTouch.cpp.o
[23/563] Building CXX object externals/soundtouch/CMakeFiles/SoundTouch.dir/source/SoundTouch/RateTransposer.cpp.o
[24/563] Building CXX object externals/soundtouch/CMakeFiles/SoundTouch.dir/source/SoundTouch/sse_optimized.cpp.o
[25/563] Building CXX object externals/soundtouch/CMakeFiles/SoundTouch.dir/source/SoundTouch/TDStretch.cpp.o
[26/563] Building CXX object externals/teakra/src/CMakeFiles/teakra.dir/apbp.cpp.o
[27/563] Building CXX object externals/teakra/src/CMakeFiles/teakra.dir/ahbm.cpp.o
[28/563] Building CXX object externals/teakra/src/CMakeFiles/teakra.dir/btdmp.cpp.o
[29/563] Building CXX object externals/teakra/src/CMakeFiles/teakra.dir/dma.cpp.o
[30/563] Building CXX object externals/teakra/src/CMakeFiles/teakra.dir/timer.cpp.o
[31/563] Building CXX object externals/teakra/src/CMakeFiles/teakra.dir/memory_interface.cpp.o
[32/563] Building CXX object externals/teakra/src/CMakeFiles/teakra.dir/parser.cpp.o
[33/563] Building CXX object externals/teakra/src/CMakeFiles/teakra.dir/mmio.cpp.o
[34/563] Building CXX object externals/teakra/src/CMakeFiles/teakra.dir/teakra.cpp.o
[35/563] Linking C shared library externals\libressl\ssl\libssl.so.54.0.0
emcc: warning: ignoring unsupported linker flag: `--version-script` [-Wlinkflags]
[36/563] Building CXX object src/common/CMakeFiles/citra_common.dir/aarch64/cpu_detect.cpp.o
[37/563] Building CXX object src/common/CMakeFiles/citra_common.dir/android_storage.cpp.o
[38/563] Building CXX object src/common/CMakeFiles/citra_common.dir/detached_tasks.cpp.o
[39/563] Building CXX object externals/teakra/src/CMakeFiles/teakra.dir/disassembler.cpp.o
[40/563] Building CXX object src/common/CMakeFiles/citra_common.dir/dynamic_library/dynamic_library.cpp.o
[41/563] Building CXX object src/common/CMakeFiles/citra_common.dir/cityhash.cpp.o
[42/563] Building CXX object src/common/CMakeFiles/citra_common.dir/error.cpp.o
[43/563] Building CXX object externals/teakra/src/CMakeFiles/teakra.dir/processor.cpp.o
[44/563] Building CXX object src/common/CMakeFiles/citra_common.dir/dynamic_library/ffmpeg.cpp.o
[45/563] Building CXX object src/common/CMakeFiles/citra_common.dir/hacks/hack_list.cpp.o
[46/563] Building CXX object src/common/CMakeFiles/citra_common.dir/hacks/hack_manager.cpp.o
[47/563] Building CXX object externals/teakra/src/CMakeFiles/teakra.dir/test_generator.cpp.o
[48/563] Building CXX object src/common/CMakeFiles/citra_common.dir/logging/filter.cpp.o
[49/563] Building CXX object src/common/CMakeFiles/citra_common.dir/file_util.cpp.o
[50/563] Building CXX object src/common/CMakeFiles/citra_common.dir/logging/text_formatter.cpp.o
[51/563] Building CXX object src/common/CMakeFiles/citra_common.dir/math_util.cpp.o
[52/563] Building CXX object src/common/CMakeFiles/citra_common.dir/memory_detect.cpp.o
[53/563] Building CXX object src/common/CMakeFiles/citra_common.dir/microprofile.cpp.o
[54/563] Building CXX object src/common/CMakeFiles/citra_common.dir/memory_ref.cpp.o
[55/563] Building CXX object src/common/CMakeFiles/citra_common.dir/logging/backend.cpp.o
[56/563] Building CXX object src/common/CMakeFiles/citra_common.dir/param_package.cpp.o
[57/563] Building CXX object src/common/CMakeFiles/citra_common.dir/scm_rev.cpp.o
[58/563] Building CXX object src/common/CMakeFiles/citra_common.dir/play_time_manager.cpp.o
[59/563] Building CXX object src/common/CMakeFiles/citra_common.dir/texture.cpp.o
[60/563] Building CXX object src/common/CMakeFiles/citra_common.dir/string_util.cpp.o
[61/563] Building CXX object src/common/CMakeFiles/citra_common.dir/x64/cpu_detect.cpp.o
[62/563] Building CXX object src/common/CMakeFiles/citra_common.dir/settings.cpp.o
[63/563] Building CXX object src/common/CMakeFiles/citra_common.dir/thread.cpp.o
[64/563] Building C object externals/faad2/CMakeFiles/faad2.dir/faad2/libfaad/bits.c.o
[65/563] Building CXX object src/common/CMakeFiles/citra_common.dir/timer.cpp.o
[66/563] Building C object externals/faad2/CMakeFiles/faad2.dir/faad2/libfaad/common.c.o
[67/563] Building C object externals/faad2/CMakeFiles/faad2.dir/faad2/libfaad/cfft.c.o
[68/563] Building CXX object src/common/CMakeFiles/citra_common.dir/linux/gamemode.cpp.o
[69/563] Building C object externals/faad2/CMakeFiles/faad2.dir/faad2/libfaad/decoder.c.o
[70/563] Building C object externals/faad2/CMakeFiles/faad2.dir/faad2/libfaad/drc.c.o
[71/563] Building C object externals/faad2/CMakeFiles/faad2.dir/faad2/libfaad/error.c.o
[72/563] Building C object externals/faad2/CMakeFiles/faad2.dir/faad2/libfaad/filtbank.c.o
[73/563] Building C object externals/faad2/CMakeFiles/faad2.dir/faad2/libfaad/is.c.o
[74/563] Building C object externals/faad2/CMakeFiles/faad2.dir/faad2/libfaad/huffman.c.o
[75/563] Building C object externals/faad2/CMakeFiles/faad2.dir/faad2/libfaad/mdct.c.o
[76/563] Building C object externals/faad2/CMakeFiles/faad2.dir/faad2/libfaad/mp4.c.o
[77/563] Building C object externals/faad2/CMakeFiles/faad2.dir/faad2/libfaad/ms.c.o
[78/563] Building C object externals/faad2/CMakeFiles/faad2.dir/faad2/libfaad/output.c.o
[79/563] Building C object externals/faad2/CMakeFiles/faad2.dir/faad2/libfaad/pns.c.o
[80/563] Building C object externals/faad2/CMakeFiles/faad2.dir/faad2/libfaad/pulse.c.o
[81/563] Building C object externals/faad2/CMakeFiles/faad2.dir/faad2/libfaad/specrec.c.o
[82/563] Building C object externals/faad2/CMakeFiles/faad2.dir/faad2/libfaad/tns.c.o
[83/563] Building CXX object src/common/CMakeFiles/citra_common.dir/zstd_compression.cpp.o
[84/563] Building C object externals/faad2/CMakeFiles/faad2.dir/faad2/libfaad/syntax.c.o
[85/563] Creating library symlink externals/libressl/ssl/libssl.so.54 externals/libressl/ssl/libssl.so
[86/563] Linking CXX shared library externals\soundtouch\libSoundTouch.so.2
[87/563] Linking C static library externals\enet\libenet.a
[88/563] Generating include/video_core/host_shaders/format_reinterpreter/d24s8_to_rgba8_frag.h
[89/563] Generating include/video_core/host_shaders/format_reinterpreter/rgba4_to_rgb5a1_frag.h
[90/563] Generating include/video_core/host_shaders/format_reinterpreter/vulkan_d24s8_to_rgba8_comp.h
[91/563] Generating include/video_core/host_shaders/texture_filtering/bicubic_frag.h
[92/563] Generating include/video_core/host_shaders/texture_filtering/refine_frag.h
[93/563] Generating include/video_core/host_shaders/texture_filtering/scale_force_frag.h
[94/563] Linking CXX static library src\common\libcitra_common.a
[95/563] Generating include/video_core/host_shaders/texture_filtering/xbrz_freescale_frag.h
[96/563] Generating include/video_core/host_shaders/texture_filtering/mmpx_frag.h
[97/563] Generating include/video_core/host_shaders/texture_filtering/x_gradient_frag.h
[98/563] Generating include/video_core/host_shaders/texture_filtering/y_gradient_frag.h
[99/563] Generating include/video_core/host_shaders/full_screen_triangle_vert.h
[100/563] Generating include/video_core/host_shaders/opengl_present_frag.h
[101/563] Generating include/video_core/host_shaders/opengl_present_vert.h
[102/563] Generating include/video_core/host_shaders/opengl_present_anaglyph_frag.h
[103/563] Generating include/video_core/host_shaders/opengl_present_interlaced_frag.h
[104/563] Generating include/video_core/host_shaders/vulkan_depth_to_buffer_comp.h
[105/563] Generating include/video_core/host_shaders/vulkan_present_frag.h
[106/563] Generating include/video_core/host_shaders/vulkan_present_vert.h
[107/563] Generating include/video_core/host_shaders/vulkan_present_anaglyph_frag.h
[108/563] Generating include/video_core/host_shaders/vulkan_present_interlaced_frag.h
[109/563] Generating include/video_core/host_shaders/vulkan_blit_depth_stencil_frag.h
[110/563] Linking CXX shared library externals\teakra\src\libteakra.so.0
[111/563] Building CXX object externals/lodepng/CMakeFiles/lodepng.dir/lodepng/lodepng.cpp.o
[112/563] Building CXX object src/network/CMakeFiles/network.dir/announce_multiplayer_session.cpp.o
[113/563] Building CXX object src/network/CMakeFiles/network.dir/artic_base/artic_base_client.cpp.o
[114/563] Building CXX object src/network/CMakeFiles/network.dir/network_settings.cpp.o
[115/563] Building CXX object src/network/CMakeFiles/network.dir/network.cpp.o
[116/563] Building CXX object src/network/CMakeFiles/network.dir/packet.cpp.o
[117/563] Building CXX object src/network/CMakeFiles/network.dir/socket_manager.cpp.o
[118/563] Linking C static library externals\faad2\libfaad2.a
[119/563] Creating library symlink externals/soundtouch/libSoundTouch.so
[120/563] Creating library symlink externals/teakra/src/libteakra.so
[121/563] Building CXX object src/network/CMakeFiles/network.dir/verify_user.cpp.o
[122/563] Linking CXX shared library externals\lodepng\liblodepng.so
[123/563] Building CXX object src/network/CMakeFiles/network.dir/room_member.cpp.o
[124/563] Building CXX object src/network/CMakeFiles/network.dir/room.cpp.o
[125/563] Building CXX object src/audio_core/CMakeFiles/audio_core.dir/codec.cpp.o
cache:INFO: generating port: sysroot\lib\wasm32-emscripten\thinlto\libSDL2-mt.a... (this will be cached in "C:\Users\shubadub\AppData\Local\emscripten_cache\sysroot\lib\wasm32-emscripten\thinlto\libSDL2-mt.a" for subsequent builds)
system_libs:INFO: compiled 119 inputs in 6.97s
cache:INFO:  - ok
[126/563] Building CXX object src/audio_core/CMakeFiles/audio_core.dir/hle/filter.cpp.o
[127/563] Building CXX object src/audio_core/CMakeFiles/audio_core.dir/hle/decoder.cpp.o
[128/563] Building CXX object src/audio_core/CMakeFiles/audio_core.dir/hle/aac_decoder.cpp.o
[129/563] Building CXX object src/audio_core/CMakeFiles/audio_core.dir/dsp_interface.cpp.o
[130/563] Building CXX object src/audio_core/CMakeFiles/audio_core.dir/hle/mixers.cpp.o
[131/563] Building CXX object src/audio_core/CMakeFiles/audio_core.dir/hle/source.cpp.o
[132/563] Building CXX object src/audio_core/CMakeFiles/audio_core.dir/lle/lle.cpp.o
[133/563] Building CXX object src/audio_core/CMakeFiles/audio_core.dir/interpolate.cpp.o
[134/563] Building CXX object src/audio_core/CMakeFiles/audio_core.dir/hle/hle.cpp.o
[135/563] Building CXX object src/audio_core/CMakeFiles/audio_core.dir/input_details.cpp.o
[136/563] Building CXX object src/audio_core/CMakeFiles/audio_core.dir/sink_details.cpp.o
[137/563] Building CXX object src/audio_core/CMakeFiles/audio_core.dir/static_input.cpp.o
[138/563] Linking CXX static library src\network\libnetwork.a
[139/563] Building CXX object src/audio_core/CMakeFiles/audio_core.dir/time_stretch.cpp.o
[140/563] Building CXX object src/video_core/CMakeFiles/video_core.dir/custom_textures/custom_format.cpp.o
[141/563] Building CXX object src/audio_core/CMakeFiles/audio_core.dir/sdl2_sink.cpp.o
[142/563] Building CXX object src/video_core/CMakeFiles/video_core.dir/custom_textures/material.cpp.o
[143/563] Building CXX object src/video_core/CMakeFiles/video_core.dir/rasterizer_accelerated.cpp.o
[144/563] Building CXX object src/video_core/CMakeFiles/video_core.dir/debug_utils/debug_utils.cpp.o
[145/563] Building CXX object src/video_core/CMakeFiles/video_core.dir/gpu.cpp.o
[146/563] Building CXX object src/video_core/CMakeFiles/video_core.dir/custom_textures/custom_tex_manager.cpp.o
[147/563] Building CXX object src/video_core/CMakeFiles/video_core.dir/renderer_base.cpp.o
[148/563] Building CXX object src/video_core/CMakeFiles/video_core.dir/pica/output_vertex.cpp.o
[149/563] Building CXX object src/video_core/CMakeFiles/video_core.dir/pica/geometry_pipeline.cpp.o
[150/563] Building CXX object src/video_core/CMakeFiles/video_core.dir/pica/primitive_assembly.cpp.o
[151/563] Building CXX object src/video_core/CMakeFiles/video_core.dir/pica/regs_internal.cpp.o
[152/563] Building CXX object src/video_core/CMakeFiles/video_core.dir/pica/pica_core.cpp.o
[153/563] Building CXX object src/video_core/CMakeFiles/video_core.dir/pica/shader_setup.cpp.o
[154/563] Building CXX object src/video_core/CMakeFiles/video_core.dir/rasterizer_cache/rasterizer_cache.cpp.o
[155/563] Building CXX object src/video_core/CMakeFiles/video_core.dir/pica/shader_unit.cpp.o
[156/563] Building CXX object src/video_core/CMakeFiles/video_core.dir/rasterizer_cache/pixel_format.cpp.o
[157/563] Building CXX object src/video_core/CMakeFiles/video_core.dir/pica/vertex_loader.cpp.o
[158/563] Building CXX object src/video_core/CMakeFiles/video_core.dir/rasterizer_cache/surface_params.cpp.o
[159/563] Building CXX object src/video_core/CMakeFiles/video_core.dir/rasterizer_cache/surface_base.cpp.o
[160/563] Building CXX object src/video_core/CMakeFiles/video_core.dir/renderer_software/sw_blitter.cpp.o
[161/563] Building CXX object src/video_core/CMakeFiles/video_core.dir/rasterizer_cache/utils.cpp.o
[162/563] Building CXX object src/video_core/CMakeFiles/video_core.dir/shader/generator/glsl_fs_shader_gen.cpp.o
[163/563] Building CXX object src/video_core/CMakeFiles/video_core.dir/shader/generator/glsl_shader_gen.cpp.o
[164/563] Building CXX object src/video_core/CMakeFiles/video_core.dir/shader/generator/glsl_shader_decompiler.cpp.o
[165/563] Building CXX object src/video_core/CMakeFiles/video_core.dir/right_eye_disabler.cpp.o
[166/563] Building CXX object src/video_core/CMakeFiles/video_core.dir/shader/generator/pica_fs_config.cpp.o
[167/563] Building CXX object src/video_core/CMakeFiles/video_core.dir/shader/generator/shader_gen.cpp.o
[168/563] Building CXX object src/video_core/CMakeFiles/video_core.dir/shader/generator/shader_uniforms.cpp.o
[169/563] Building CXX object src/video_core/CMakeFiles/video_core.dir/shader/shader.cpp.o
[170/563] Building CXX object src/video_core/CMakeFiles/video_core.dir/shader/shader_jit.cpp.o
[171/563] Building CXX object src/video_core/CMakeFiles/video_core.dir/shader/shader_jit_a64_compiler.cpp.o
[172/563] Building CXX object src/video_core/CMakeFiles/video_core.dir/shader/shader_jit_x64_compiler.cpp.o
[173/563] Building CXX object src/video_core/CMakeFiles/video_core.dir/texture/etc1.cpp.o
[174/563] Building CXX object src/video_core/CMakeFiles/video_core.dir/texture/texture_decode.cpp.o
[175/563] Building CXX object src/video_core/CMakeFiles/video_core.dir/shader/shader_interpreter.cpp.o
[176/563] Building CXX object src/video_core/CMakeFiles/video_core.dir/video_core.cpp.o
[177/563] Building CXX object src/video_core/CMakeFiles/video_core.dir/renderer_software/sw_clipper.cpp.o
[178/563] Building CXX object src/video_core/CMakeFiles/video_core.dir/renderer_software/sw_framebuffer.cpp.o
[179/563] Building CXX object src/video_core/CMakeFiles/video_core.dir/renderer_software/sw_lighting.cpp.o
[180/563] Building CXX object src/video_core/CMakeFiles/video_core.dir/renderer_software/sw_proctex.cpp.o
[181/563] Building CXX object src/video_core/CMakeFiles/video_core.dir/renderer_software/renderer_software.cpp.o
[182/563] Building CXX object src/video_core/CMakeFiles/video_core.dir/renderer_software/sw_texturing.cpp.o
[183/563] Linking CXX static library src\audio_core\libaudio_core.a
[184/563] Building CXX object src/video_core/CMakeFiles/video_core.dir/renderer_software/sw_rasterizer.cpp.o
[185/563] Building CXX object src/video_core/CMakeFiles/video_core.dir/renderer_webgl2/rasterizer_webgl2.cpp.o
[186/563] Building CXX object src/core/CMakeFiles/citra_core.dir/arm/dyncom/arm_dyncom_dec.cpp.o
[187/563] Building CXX object src/video_core/CMakeFiles/video_core.dir/renderer_webgl2/renderer_webgl2.cpp.o
[188/563] Building CXX object src/core/CMakeFiles/citra_core.dir/arm/dyncom/arm_dyncom_block.cpp.o
FAILED: src/core/CMakeFiles/citra_core.dir/arm/dyncom/arm_dyncom_block.cpp.o 
C:\Users\shubadub\emsdk\upstream\emscripten\em++.exe -DBOOST_ALL_NO_LIB -DBOOST_ASIO_DISABLE_CONCEPTS -DBOOST_DATE_TIME_NO_LIB -DBOOST_ERROR_CODE_HEADER_ONLY -DBOOST_NO_CXX98_FUNCTION_BASE -DBOOST_REGEX_NO_LIB -DBOOST_SYSTEM_NO_LIB -DENABLE_SCRIPTING -DENABLE_SDL2 -DENABLE_SDL2_FRONTEND -DENABLE_SOFTWARE_RENDERER -DENABLE_WEBGL2_RENDERER -DFMT_SHARED -DMICROPROFILE_ENABLED=0 -DNDEBUG -IC:/Users/shubadub/Documents/azahar/azahar/src/. -IC:/Users/shubadub/Documents/azahar/azahar/externals/fmt/include -IC:/Users/shubadub/Documents/azahar/azahar/externals/./library-headers/ffmpeg/include -IC:/Users/shubadub/Documents/azahar/azahar/externals/./microprofile -IC:/Users/shubadub/Documents/azahar/azahar/externals/boost -IC:/Users/shubadub/Documents/azahar/azahar/externals/xxHash/cmake_unofficial/.. -IC:/Users/shubadub/Documents/azahar/azahar/externals/./dds-ktx -IC:/Users/shubadub/Documents/azahar/azahar/externals/./httplib -IC:/Users/shubadub/Documents/azahar/azahar/externals/./libressl/include -IC:/Users/shubadub/Documents/azahar/azahar/externals/cryptopp -IC:/Users/shubadub/Documents/azahar/azahar/externals -IC:/Users/shubadub/Documents/azahar/azahar/externals/lodepng/lodepng -IC:/Users/shubadub/Documents/azahar/azahar/externals/open_source_archives/include -pthread -msimd128 -O3 -DNDEBUG -std=gnu++20 -flto=thin -fvisibility=default -Wno-c++11-narrowing -pthread -Wall -Wno-unused-command-line-argument -w -DCPPHTTPLIB_OPENSSL_SUPPORT -MD -MT src/core/CMakeFiles/citra_core.dir/arm/dyncom/arm_dyncom_block.cpp.o -MF src\core\CMakeFiles\citra_core.dir\arm\dyncom\arm_dyncom_block.cpp.o.d -o src/core/CMakeFiles/citra_core.dir/arm/dyncom/arm_dyncom_block.cpp.o -c C:/Users/shubadub/Documents/azahar/azahar/src/core/arm/dyncom/arm_dyncom_block.cpp
In file included from C:/Users/shubadub/Documents/azahar/azahar/src/core/arm/dyncom/arm_dyncom_block.cpp:21:
C:/Users/shubadub/Documents/azahar/azahar/src/.\core/arm/skyeye_common/vfp/vfpinstr.cpp:16:8: error: redefinition of 'vmla_inst'
   16 | struct vmla_inst {
      |        ^
C:/Users/shubadub/Documents/azahar/azahar/src/.\core/arm/dyncom/arm_dyncom_trans.h:480:10: note: 'C:/Users/shubadub/Documents/azahar/azahar/src/.\core/arm/skyeye_common/vfp/vfpinstr.cpp' included multiple times, additional include site here
  480 | #include "core/arm/skyeye_common/vfp/vfpinstr.cpp"
      |          ^
C:/Users/shubadub/Documents/azahar/azahar/src/core/arm/dyncom/arm_dyncom_block.cpp:21:10: note: 'C:/Users/shubadub/Documents/azahar/azahar/src/.\core/arm/skyeye_common/vfp/vfpinstr.cpp' included multiple times, additional include site here
   21 | #include "core/arm/skyeye_common/vfp/vfpinstr.cpp"
      |          ^
C:/Users/shubadub/Documents/azahar/azahar/src/.\core/arm/skyeye_common/vfp/vfpinstr.cpp:16:8: note: unguarded header; consider using #ifdef guards or #pragma once
   16 | struct vmla_inst {
      |        ^
In file included from C:/Users/shubadub/Documents/azahar/azahar/src/core/arm/dyncom/arm_dyncom_block.cpp:21:
C:/Users/shubadub/Documents/azahar/azahar/src/.\core/arm/skyeye_common/vfp/vfpinstr.cpp:63:8: error: redefinition of 'vmls_inst'
   63 | struct vmls_inst {
      |        ^
C:/Users/shubadub/Documents/azahar/azahar/src/.\core/arm/dyncom/arm_dyncom_trans.h:480:10: note: 'C:/Users/shubadub/Documents/azahar/azahar/src/.\core/arm/skyeye_common/vfp/vfpinstr.cpp' included multiple times, additional include site here
  480 | #include "core/arm/skyeye_common/vfp/vfpinstr.cpp"
      |          ^
C:/Users/shubadub/Documents/azahar/azahar/src/core/arm/dyncom/arm_dyncom_block.cpp:21:10: note: 'C:/Users/shubadub/Documents/azahar/azahar/src/.\core/arm/skyeye_common/vfp/vfpinstr.cpp' included multiple times, additional include site here
   21 | #include "core/arm/skyeye_common/vfp/vfpinstr.cpp"
      |          ^
C:/Users/shubadub/Documents/azahar/azahar/src/.\core/arm/skyeye_common/vfp/vfpinstr.cpp:63:8: note: unguarded header; consider using #ifdef guards or #pragma once
   63 | struct vmls_inst {
      |        ^
In file included from C:/Users/shubadub/Documents/azahar/azahar/src/core/arm/dyncom/arm_dyncom_block.cpp:21:
C:/Users/shubadub/Documents/azahar/azahar/src/.\core/arm/skyeye_common/vfp/vfpinstr.cpp:110:8: error: redefinition of 'vnmla_inst'
  110 | struct vnmla_inst {
      |        ^
C:/Users/shubadub/Documents/azahar/azahar/src/.\core/arm/dyncom/arm_dyncom_trans.h:480:10: note: 'C:/Users/shubadub/Documents/azahar/azahar/src/.\core/arm/skyeye_common/vfp/vfpinstr.cpp' included multiple times, additional include site here
  480 | #include "core/arm/skyeye_common/vfp/vfpinstr.cpp"
      |          ^
C:/Users/shubadub/Documents/azahar/azahar/src/core/arm/dyncom/arm_dyncom_block.cpp:21:10: note: 'C:/Users/shubadub/Documents/azahar/azahar/src/.\core/arm/skyeye_common/vfp/vfpinstr.cpp' included multiple times, additional include site here
   21 | #include "core/arm/skyeye_common/vfp/vfpinstr.cpp"
      |          ^
C:/Users/shubadub/Documents/azahar/azahar/src/.\core/arm/skyeye_common/vfp/vfpinstr.cpp:110:8: note: unguarded header; consider using #ifdef guards or #pragma once
  110 | struct vnmla_inst {
      |        ^
In file included from C:/Users/shubadub/Documents/azahar/azahar/src/core/arm/dyncom/arm_dyncom_block.cpp:21:
C:/Users/shubadub/Documents/azahar/azahar/src/.\core/arm/skyeye_common/vfp/vfpinstr.cpp:158:8: error: redefinition of 'vnmls_inst'
  158 | struct vnmls_inst {
      |        ^
C:/Users/shubadub/Documents/azahar/azahar/src/.\core/arm/dyncom/arm_dyncom_trans.h:480:10: note: 'C:/Users/shubadub/Documents/azahar/azahar/src/.\core/arm/skyeye_common/vfp/vfpinstr.cpp' included multiple times, additional include site here
  480 | #include "core/arm/skyeye_common/vfp/vfpinstr.cpp"
      |          ^
C:/Users/shubadub/Documents/azahar/azahar/src/core/arm/dyncom/arm_dyncom_block.cpp:21:10: note: 'C:/Users/shubadub/Documents/azahar/azahar/src/.\core/arm/skyeye_common/vfp/vfpinstr.cpp' included multiple times, additional include site here
   21 | #include "core/arm/skyeye_common/vfp/vfpinstr.cpp"
      |          ^
C:/Users/shubadub/Documents/azahar/azahar/src/.\core/arm/skyeye_common/vfp/vfpinstr.cpp:158:8: note: unguarded header; consider using #ifdef guards or #pragma once
  158 | struct vnmls_inst {
      |        ^
In file included from C:/Users/shubadub/Documents/azahar/azahar/src/core/arm/dyncom/arm_dyncom_block.cpp:21:
C:/Users/shubadub/Documents/azahar/azahar/src/.\core/arm/skyeye_common/vfp/vfpinstr.cpp:205:8: error: redefinition of 'vnmul_inst'
  205 | struct vnmul_inst {
      |        ^
C:/Users/shubadub/Documents/azahar/azahar/src/.\core/arm/dyncom/arm_dyncom_trans.h:480:10: note: 'C:/Users/shubadub/Documents/azahar/azahar/src/.\core/arm/skyeye_common/vfp/vfpinstr.cpp' included multiple times, additional include site here
  480 | #include "core/arm/skyeye_common/vfp/vfpinstr.cpp"
      |          ^
C:/Users/shubadub/Documents/azahar/azahar/src/core/arm/dyncom/arm_dyncom_block.cpp:21:10: note: 'C:/Users/shubadub/Documents/azahar/azahar/src/.\core/arm/skyeye_common/vfp/vfpinstr.cpp' included multiple times, additional include site here
   21 | #include "core/arm/skyeye_common/vfp/vfpinstr.cpp"
      |          ^
C:/Users/shubadub/Documents/azahar/azahar/src/.\core/arm/skyeye_common/vfp/vfpinstr.cpp:205:8: note: unguarded header; consider using #ifdef guards or #pragma once
  205 | struct vnmul_inst {
      |        ^
In file included from C:/Users/shubadub/Documents/azahar/azahar/src/core/arm/dyncom/arm_dyncom_block.cpp:21:
C:/Users/shubadub/Documents/azahar/azahar/src/.\core/arm/skyeye_common/vfp/vfpinstr.cpp:252:8: error: redefinition of 'vmul_inst'
  252 | struct vmul_inst {
      |        ^
C:/Users/shubadub/Documents/azahar/azahar/src/.\core/arm/dyncom/arm_dyncom_trans.h:480:10: note: 'C:/Users/shubadub/Documents/azahar/azahar/src/.\core/arm/skyeye_common/vfp/vfpinstr.cpp' included multiple times, additional include site here
  480 | #include "core/arm/skyeye_common/vfp/vfpinstr.cpp"
      |          ^
C:/Users/shubadub/Documents/azahar/azahar/src/core/arm/dyncom/arm_dyncom_block.cpp:21:10: note: 'C:/Users/shubadub/Documents/azahar/azahar/src/.\core/arm/skyeye_common/vfp/vfpinstr.cpp' included multiple times, additional include site here
   21 | #include "core/arm/skyeye_common/vfp/vfpinstr.cpp"
      |          ^
C:/Users/shubadub/Documents/azahar/azahar/src/.\core/arm/skyeye_common/vfp/vfpinstr.cpp:252:8: note: unguarded header; consider using #ifdef guards or #pragma once
  252 | struct vmul_inst {
      |        ^
In file included from C:/Users/shubadub/Documents/azahar/azahar/src/core/arm/dyncom/arm_dyncom_block.cpp:21:
C:/Users/shubadub/Documents/azahar/azahar/src/.\core/arm/skyeye_common/vfp/vfpinstr.cpp:299:8: error: redefinition of 'vadd_inst'
  299 | struct vadd_inst {
      |        ^
C:/Users/shubadub/Documents/azahar/azahar/src/.\core/arm/dyncom/arm_dyncom_trans.h:480:10: note: 'C:/Users/shubadub/Documents/azahar/azahar/src/.\core/arm/skyeye_common/vfp/vfpinstr.cpp' included multiple times, additional include site here
  480 | #include "core/arm/skyeye_common/vfp/vfpinstr.cpp"
      |          ^
C:/Users/shubadub/Documents/azahar/azahar/src/core/arm/dyncom/arm_dyncom_block.cpp:21:10: note: 'C:/Users/shubadub/Documents/azahar/azahar/src/.\core/arm/skyeye_common/vfp/vfpinstr.cpp' included multiple times, additional include site here
   21 | #include "core/arm/skyeye_common/vfp/vfpinstr.cpp"
      |          ^
C:/Users/shubadub/Documents/azahar/azahar/src/.\core/arm/skyeye_common/vfp/vfpinstr.cpp:299:8: note: unguarded header; consider using #ifdef guards or #pragma once
  299 | struct vadd_inst {
      |        ^
In file included from C:/Users/shubadub/Documents/azahar/azahar/src/core/arm/dyncom/arm_dyncom_block.cpp:21:
C:/Users/shubadub/Documents/azahar/azahar/src/.\core/arm/skyeye_common/vfp/vfpinstr.cpp:346:8: error: redefinition of 'vsub_inst'
  346 | struct vsub_inst {
      |        ^
C:/Users/shubadub/Documents/azahar/azahar/src/.\core/arm/dyncom/arm_dyncom_trans.h:480:10: note: 'C:/Users/shubadub/Documents/azahar/azahar/src/.\core/arm/skyeye_common/vfp/vfpinstr.cpp' included multiple times, additional include site here
  480 | #include "core/arm/skyeye_common/vfp/vfpinstr.cpp"
      |          ^
C:/Users/shubadub/Documents/azahar/azahar/src/core/arm/dyncom/arm_dyncom_block.cpp:21:10: note: 'C:/Users/shubadub/Documents/azahar/azahar/src/.\core/arm/skyeye_common/vfp/vfpinstr.cpp' included multiple times, additional include site here
   21 | #include "core/arm/skyeye_common/vfp/vfpinstr.cpp"
      |          ^
C:/Users/shubadub/Documents/azahar/azahar/src/.\core/arm/skyeye_common/vfp/vfpinstr.cpp:346:8: note: unguarded header; consider using #ifdef guards or #pragma once
  346 | struct vsub_inst {
      |        ^
In file included from C:/Users/shubadub/Documents/azahar/azahar/src/core/arm/dyncom/arm_dyncom_block.cpp:21:
C:/Users/shubadub/Documents/azahar/azahar/src/.\core/arm/skyeye_common/vfp/vfpinstr.cpp:393:8: error: redefinition of 'vdiv_inst'
  393 | struct vdiv_inst {
      |        ^
C:/Users/shubadub/Documents/azahar/azahar/src/.\core/arm/dyncom/arm_dyncom_trans.h:480:10: note: 'C:/Users/shubadub/Documents/azahar/azahar/src/.\core/arm/skyeye_common/vfp/vfpinstr.cpp' included multiple times, additional include site here
  480 | #include "core/arm/skyeye_common/vfp/vfpinstr.cpp"
      |          ^
C:/Users/shubadub/Documents/azahar/azahar/src/core/arm/dyncom/arm_dyncom_block.cpp:21:10: note: 'C:/Users/shubadub/Documents/azahar/azahar/src/.\core/arm/skyeye_common/vfp/vfpinstr.cpp' included multiple times, additional include site here
   21 | #include "core/arm/skyeye_common/vfp/vfpinstr.cpp"
      |          ^
C:/Users/shubadub/Documents/azahar/azahar/src/.\core/arm/skyeye_common/vfp/vfpinstr.cpp:393:8: note: unguarded header; consider using #ifdef guards or #pragma once
  393 | struct vdiv_inst {
      |        ^
In file included from C:/Users/shubadub/Documents/azahar/azahar/src/core/arm/dyncom/arm_dyncom_block.cpp:21:
C:/Users/shubadub/Documents/azahar/azahar/src/.\core/arm/skyeye_common/vfp/vfpinstr.cpp:441:8: error: redefinition of 'vmovi_inst'
  441 | struct vmovi_inst {
      |        ^
C:/Users/shubadub/Documents/azahar/azahar/src/.\core/arm/dyncom/arm_dyncom_trans.h:480:10: note: 'C:/Users/shubadub/Documents/azahar/azahar/src/.\core/arm/skyeye_common/vfp/vfpinstr.cpp' included multiple times, additional include site here
  480 | #include "core/arm/skyeye_common/vfp/vfpinstr.cpp"
      |          ^
C:/Users/shubadub/Documents/azahar/azahar/src/core/arm/dyncom/arm_dyncom_block.cpp:21:10: note: 'C:/Users/shubadub/Documents/azahar/azahar/src/.\core/arm/skyeye_common/vfp/vfpinstr.cpp' included multiple times, additional include site here
   21 | #include "core/arm/skyeye_common/vfp/vfpinstr.cpp"
      |          ^
C:/Users/shubadub/Documents/azahar/azahar/src/.\core/arm/skyeye_common/vfp/vfpinstr.cpp:441:8: note: unguarded header; consider using #ifdef guards or #pragma once
  441 | struct vmovi_inst {
      |        ^
In file included from C:/Users/shubadub/Documents/azahar/azahar/src/core/arm/dyncom/arm_dyncom_block.cpp:21:
C:/Users/shubadub/Documents/azahar/azahar/src/.\core/arm/skyeye_common/vfp/vfpinstr.cpp:490:8: error: redefinition of 'vmovr_inst'
  490 | struct vmovr_inst {
      |        ^
C:/Users/shubadub/Documents/azahar/azahar/src/.\core/arm/dyncom/arm_dyncom_trans.h:480:10: note: 'C:/Users/shubadub/Documents/azahar/azahar/src/.\core/arm/skyeye_common/vfp/vfpinstr.cpp' included multiple times, additional include site here
  480 | #include "core/arm/skyeye_common/vfp/vfpinstr.cpp"
      |          ^
C:/Users/shubadub/Documents/azahar/azahar/src/core/arm/dyncom/arm_dyncom_block.cpp:21:10: note: 'C:/Users/shubadub/Documents/azahar/azahar/src/.\core/arm/skyeye_common/vfp/vfpinstr.cpp' included multiple times, additional include site here
   21 | #include "core/arm/skyeye_common/vfp/vfpinstr.cpp"
      |          ^
C:/Users/shubadub/Documents/azahar/azahar/src/.\core/arm/skyeye_common/vfp/vfpinstr.cpp:490:8: note: unguarded header; consider using #ifdef guards or #pragma once
  490 | struct vmovr_inst {
      |        ^
In file included from C:/Users/shubadub/Documents/azahar/azahar/src/core/arm/dyncom/arm_dyncom_block.cpp:21:
C:/Users/shubadub/Documents/azahar/azahar/src/.\core/arm/skyeye_common/vfp/vfpinstr.cpp:533:16: error: redefinition of '_vabs_inst'
  533 | typedef struct _vabs_inst {
      |                ^
C:/Users/shubadub/Documents/azahar/azahar/src/.\core/arm/dyncom/arm_dyncom_trans.h:480:10: note: 'C:/Users/shubadub/Documents/azahar/azahar/src/.\core/arm/skyeye_common/vfp/vfpinstr.cpp' included multiple times, additional include site here
  480 | #include "core/arm/skyeye_common/vfp/vfpinstr.cpp"
      |          ^
C:/Users/shubadub/Documents/azahar/azahar/src/core/arm/dyncom/arm_dyncom_block.cpp:21:10: note: 'C:/Users/shubadub/Documents/azahar/azahar/src/.\core/arm/skyeye_common/vfp/vfpinstr.cpp' included multiple times, additional include site here
   21 | #include "core/arm/skyeye_common/vfp/vfpinstr.cpp"
      |          ^
C:/Users/shubadub/Documents/azahar/azahar/src/.\core/arm/skyeye_common/vfp/vfpinstr.cpp:533:16: note: unguarded header; consider using #ifdef guards or #pragma once
  533 | typedef struct _vabs_inst {
      |                ^
In file included from C:/Users/shubadub/Documents/azahar/azahar/src/core/arm/dyncom/arm_dyncom_block.cpp:21:
C:/Users/shubadub/Documents/azahar/azahar/src/.\core/arm/skyeye_common/vfp/vfpinstr.cpp:581:8: error: redefinition of 'vneg_inst'
  581 | struct vneg_inst {
      |        ^
C:/Users/shubadub/Documents/azahar/azahar/src/.\core/arm/dyncom/arm_dyncom_trans.h:480:10: note: 'C:/Users/shubadub/Documents/azahar/azahar/src/.\core/arm/skyeye_common/vfp/vfpinstr.cpp' included multiple times, additional include site here
  480 | #include "core/arm/skyeye_common/vfp/vfpinstr.cpp"
      |          ^
C:/Users/shubadub/Documents/azahar/azahar/src/core/arm/dyncom/arm_dyncom_block.cpp:21:10: note: 'C:/Users/shubadub/Documents/azahar/azahar/src/.\core/arm/skyeye_common/vfp/vfpinstr.cpp' included multiple times, additional include site here
   21 | #include "core/arm/skyeye_common/vfp/vfpinstr.cpp"
      |          ^
C:/Users/shubadub/Documents/azahar/azahar/src/.\core/arm/skyeye_common/vfp/vfpinstr.cpp:581:8: note: unguarded header; consider using #ifdef guards or #pragma once
  581 | struct vneg_inst {
      |        ^
In file included from C:/Users/shubadub/Documents/azahar/azahar/src/core/arm/dyncom/arm_dyncom_block.cpp:21:
C:/Users/shubadub/Documents/azahar/azahar/src/.\core/arm/skyeye_common/vfp/vfpinstr.cpp:628:8: error: redefinition of 'vsqrt_inst'
  628 | struct vsqrt_inst {
      |        ^
C:/Users/shubadub/Documents/azahar/azahar/src/.\core/arm/dyncom/arm_dyncom_trans.h:480:10: note: 'C:/Users/shubadub/Documents/azahar/azahar/src/.\core/arm/skyeye_common/vfp/vfpinstr.cpp' included multiple times, additional include site here
  480 | #include "core/arm/skyeye_common/vfp/vfpinstr.cpp"
      |          ^
C:/Users/shubadub/Documents/azahar/azahar/src/core/arm/dyncom/arm_dyncom_block.cpp:21:10: note: 'C:/Users/shubadub/Documents/azahar/azahar/src/.\core/arm/skyeye_common/vfp/vfpinstr.cpp' included multiple times, additional include site here
   21 | #include "core/arm/skyeye_common/vfp/vfpinstr.cpp"
      |          ^
C:/Users/shubadub/Documents/azahar/azahar/src/.\core/arm/skyeye_common/vfp/vfpinstr.cpp:628:8: note: unguarded header; consider using #ifdef guards or #pragma once
  628 | struct vsqrt_inst {
      |        ^
In file included from C:/Users/shubadub/Documents/azahar/azahar/src/core/arm/dyncom/arm_dyncom_block.cpp:21:
C:/Users/shubadub/Documents/azahar/azahar/src/.\core/arm/skyeye_common/vfp/vfpinstr.cpp:675:8: error: redefinition of 'vcmp_inst'
  675 | struct vcmp_inst {
      |        ^
C:/Users/shubadub/Documents/azahar/azahar/src/.\core/arm/dyncom/arm_dyncom_trans.h:480:10: note: 'C:/Users/shubadub/Documents/azahar/azahar/src/.\core/arm/skyeye_common/vfp/vfpinstr.cpp' included multiple times, additional include site here
  480 | #include "core/arm/skyeye_common/vfp/vfpinstr.cpp"
      |          ^
C:/Users/shubadub/Documents/azahar/azahar/src/core/arm/dyncom/arm_dyncom_block.cpp:21:10: note: 'C:/Users/shubadub/Documents/azahar/azahar/src/.\core/arm/skyeye_common/vfp/vfpinstr.cpp' included multiple times, additional include site here
   21 | #include "core/arm/skyeye_common/vfp/vfpinstr.cpp"
      |          ^
C:/Users/shubadub/Documents/azahar/azahar/src/.\core/arm/skyeye_common/vfp/vfpinstr.cpp:675:8: note: unguarded header; consider using #ifdef guards or #pragma once
  675 | struct vcmp_inst {
      |        ^
In file included from C:/Users/shubadub/Documents/azahar/azahar/src/core/arm/dyncom/arm_dyncom_block.cpp:21:
C:/Users/shubadub/Documents/azahar/azahar/src/.\core/arm/skyeye_common/vfp/vfpinstr.cpp:722:8: error: redefinition of 'vcmp2_inst'
  722 | struct vcmp2_inst {
      |        ^
C:/Users/shubadub/Documents/azahar/azahar/src/.\core/arm/dyncom/arm_dyncom_trans.h:480:10: note: 'C:/Users/shubadub/Documents/azahar/azahar/src/.\core/arm/skyeye_common/vfp/vfpinstr.cpp' included multiple times, additional include site here
  480 | #include "core/arm/skyeye_common/vfp/vfpinstr.cpp"
      |          ^
C:/Users/shubadub/Documents/azahar/azahar/src/core/arm/dyncom/arm_dyncom_block.cpp:21:10: note: 'C:/Users/shubadub/Documents/azahar/azahar/src/.\core/arm/skyeye_common/vfp/vfpinstr.cpp' included multiple times, additional include site here
   21 | #include "core/arm/skyeye_common/vfp/vfpinstr.cpp"
      |          ^
C:/Users/shubadub/Documents/azahar/azahar/src/.\core/arm/skyeye_common/vfp/vfpinstr.cpp:722:8: note: unguarded header; consider using #ifdef guards or #pragma once
  722 | struct vcmp2_inst {
      |        ^
In file included from C:/Users/shubadub/Documents/azahar/azahar/src/core/arm/dyncom/arm_dyncom_block.cpp:21:
C:/Users/shubadub/Documents/azahar/azahar/src/.\core/arm/skyeye_common/vfp/vfpinstr.cpp:769:8: error: redefinition of 'vcvtbds_inst'
  769 | struct vcvtbds_inst {
      |        ^
C:/Users/shubadub/Documents/azahar/azahar/src/.\core/arm/dyncom/arm_dyncom_trans.h:480:10: note: 'C:/Users/shubadub/Documents/azahar/azahar/src/.\core/arm/skyeye_common/vfp/vfpinstr.cpp' included multiple times, additional include site here
  480 | #include "core/arm/skyeye_common/vfp/vfpinstr.cpp"
      |          ^
C:/Users/shubadub/Documents/azahar/azahar/src/core/arm/dyncom/arm_dyncom_block.cpp:21:10: note: 'C:/Users/shubadub/Documents/azahar/azahar/src/.\core/arm/skyeye_common/vfp/vfpinstr.cpp' included multiple times, additional include site here
   21 | #include "core/arm/skyeye_common/vfp/vfpinstr.cpp"
      |          ^
C:/Users/shubadub/Documents/azahar/azahar/src/.\core/arm/skyeye_common/vfp/vfpinstr.cpp:769:8: note: unguarded header; consider using #ifdef guards or #pragma once
  769 | struct vcvtbds_inst {
      |        ^
In file included from C:/Users/shubadub/Documents/azahar/azahar/src/core/arm/dyncom/arm_dyncom_block.cpp:21:
C:/Users/shubadub/Documents/azahar/azahar/src/.\core/arm/skyeye_common/vfp/vfpinstr.cpp:816:8: error: redefinition of 'vcvtbff_inst'
  816 | struct vcvtbff_inst {
      |        ^
C:/Users/shubadub/Documents/azahar/azahar/src/.\core/arm/dyncom/arm_dyncom_trans.h:480:10: note: 'C:/Users/shubadub/Documents/azahar/azahar/src/.\core/arm/skyeye_common/vfp/vfpinstr.cpp' included multiple times, additional include site here
  480 | #include "core/arm/skyeye_common/vfp/vfpinstr.cpp"
      |          ^
C:/Users/shubadub/Documents/azahar/azahar/src/core/arm/dyncom/arm_dyncom_block.cpp:21:10: note: 'C:/Users/shubadub/Documents/azahar/azahar/src/.\core/arm/skyeye_common/vfp/vfpinstr.cpp' included multiple times, additional include site here
   21 | #include "core/arm/skyeye_common/vfp/vfpinstr.cpp"
      |          ^
C:/Users/shubadub/Documents/azahar/azahar/src/.\core/arm/skyeye_common/vfp/vfpinstr.cpp:816:8: note: unguarded header; consider using #ifdef guards or #pragma once
  816 | struct vcvtbff_inst {
      |        ^
In file included from C:/Users/shubadub/Documents/azahar/azahar/src/core/arm/dyncom/arm_dyncom_block.cpp:21:
C:/Users/shubadub/Documents/azahar/azahar/src/.\core/arm/skyeye_common/vfp/vfpinstr.cpp:865:8: error: redefinition of 'vcvtbfi_inst'
  865 | struct vcvtbfi_inst {
      |        ^
C:/Users/shubadub/Documents/azahar/azahar/src/.\core/arm/dyncom/arm_dyncom_trans.h:480:10: note: 'C:/Users/shubadub/Documents/azahar/azahar/src/.\core/arm/skyeye_common/vfp/vfpinstr.cpp' included multiple times, additional include site here
  480 | #include "core/arm/skyeye_common/vfp/vfpinstr.cpp"
      |          ^
C:/Users/shubadub/Documents/azahar/azahar/src/core/arm/dyncom/arm_dyncom_block.cpp:21:10: note: 'C:/Users/shubadub/Documents/azahar/azahar/src/.\core/arm/skyeye_common/vfp/vfpinstr.cpp' included multiple times, additional include site here
   21 | #include "core/arm/skyeye_common/vfp/vfpinstr.cpp"
      |          ^
C:/Users/shubadub/Documents/azahar/azahar/src/.\core/arm/skyeye_common/vfp/vfpinstr.cpp:865:8: note: unguarded header; consider using #ifdef guards or #pragma once
  865 | struct vcvtbfi_inst {
      |        ^
fatal error: too many errors emitted, stopping now [-ferror-limit=]
20 errors generated.
[189/563] Building CXX object src/core/CMakeFiles/citra_core.dir/arm/dyncom/arm_dyncom_thumb.cpp.o
[190/563] Building CXX object src/core/CMakeFiles/citra_core.dir/arm/dyncom/arm_dyncom.cpp.o
[191/563] Building CXX object src/core/CMakeFiles/citra_core.dir/arm/dyncom/arm_dyncom_interpreter.cpp.o
FAILED: src/core/CMakeFiles/citra_core.dir/arm/dyncom/arm_dyncom_interpreter.cpp.o 
C:\Users\shubadub\emsdk\upstream\emscripten\em++.exe -DBOOST_ALL_NO_LIB -DBOOST_ASIO_DISABLE_CONCEPTS -DBOOST_DATE_TIME_NO_LIB -DBOOST_ERROR_CODE_HEADER_ONLY -DBOOST_NO_CXX98_FUNCTION_BASE -DBOOST_REGEX_NO_LIB -DBOOST_SYSTEM_NO_LIB -DENABLE_SCRIPTING -DENABLE_SDL2 -DENABLE_SDL2_FRONTEND -DENABLE_SOFTWARE_RENDERER -DENABLE_WEBGL2_RENDERER -DFMT_SHARED -DMICROPROFILE_ENABLED=0 -DNDEBUG -IC:/Users/shubadub/Documents/azahar/azahar/src/. -IC:/Users/shubadub/Documents/azahar/azahar/externals/fmt/include -IC:/Users/shubadub/Documents/azahar/azahar/externals/./library-headers/ffmpeg/include -IC:/Users/shubadub/Documents/azahar/azahar/externals/./microprofile -IC:/Users/shubadub/Documents/azahar/azahar/externals/boost -IC:/Users/shubadub/Documents/azahar/azahar/externals/xxHash/cmake_unofficial/.. -IC:/Users/shubadub/Documents/azahar/azahar/externals/./dds-ktx -IC:/Users/shubadub/Documents/azahar/azahar/externals/./httplib -IC:/Users/shubadub/Documents/azahar/azahar/externals/./libressl/include -IC:/Users/shubadub/Documents/azahar/azahar/externals/cryptopp -IC:/Users/shubadub/Documents/azahar/azahar/externals -IC:/Users/shubadub/Documents/azahar/azahar/externals/lodepng/lodepng -IC:/Users/shubadub/Documents/azahar/azahar/externals/open_source_archives/include -pthread -msimd128 -O3 -DNDEBUG -std=gnu++20 -flto=thin -fvisibility=default -Wno-c++11-narrowing -pthread -Wall -Wno-unused-command-line-argument -w -DCPPHTTPLIB_OPENSSL_SUPPORT -MD -MT src/core/CMakeFiles/citra_core.dir/arm/dyncom/arm_dyncom_interpreter.cpp.o -MF src\core\CMakeFiles\citra_core.dir\arm\dyncom\arm_dyncom_interpreter.cpp.o.d -o src/core/CMakeFiles/citra_core.dir/arm/dyncom/arm_dyncom_interpreter.cpp.o -c C:/Users/shubadub/Documents/azahar/azahar/src/core/arm/dyncom/arm_dyncom_interpreter.cpp
C:/Users/shubadub/Documents/azahar/azahar/src/core/arm/dyncom/arm_dyncom_interpreter.cpp:1673:9: error: use of undeclared identifier 'ExecBlock'
 1673 |     if (ExecBlock* block = Core::GetBlockCache().find(cpu->Reg[15])) {
      |         ^~~~~~~~~
C:/Users/shubadub/Documents/azahar/azahar/src/core/arm/dyncom/arm_dyncom_interpreter.cpp:1673:20: error: use of undeclared identifier 'block'
 1673 |     if (ExecBlock* block = Core::GetBlockCache().find(cpu->Reg[15])) {
      |                    ^~~~~
C:/Users/shubadub/Documents/azahar/azahar/src/core/arm/dyncom/arm_dyncom_interpreter.cpp:1674:47: error: use of undeclared identifier 'block'; did you mean 'clock'?
 1674 |         u32 block_count = Core::RunExecBlock(*block, cpu);
      |                                               ^~~~~
      |                                               clock
C:\Users\shubadub\AppData\Local\emscripten_cache\sysroot/include\time.h:54:9: note: 'clock' declared here
   54 | clock_t clock (void);
      |         ^
C:/Users/shubadub/Documents/azahar/azahar/src/core/arm/dyncom/arm_dyncom_interpreter.cpp:1674:46: error: reference to type 'const ExecBlock' could not bind to an lvalue of type 'clock_t ()' (aka 'int ()')
 1674 |         u32 block_count = Core::RunExecBlock(*block, cpu);
      |                                              ^~~~~~
C:/Users/shubadub/Documents/azahar/azahar/src/.\core/arm/dyncom/arm_dyncom_block.h:70:35: note: passing argument to parameter 'block' here
   70 | u32 RunExecBlock(const ExecBlock& block, ARMul_State* cpu);
      |                                   ^
C:/Users/shubadub/Documents/azahar/azahar/src/core/arm/dyncom/arm_dyncom_interpreter.cpp:1679:28: error: use of undeclared identifier 'block'
 1679 |         if (block_count == block->steps.size()) {
      |                            ^~~~~
C:/Users/shubadub/Documents/azahar/azahar/src/core/arm/dyncom/arm_dyncom_interpreter.cpp:1682:17: error: use of undeclared identifier 'ExecBlock'
 1682 |             if (ExecBlock* next_block = Core::GetBlockCache().find(cpu->Reg[15])) {
      |                 ^~~~~~~~~
C:/Users/shubadub/Documents/azahar/azahar/src/core/arm/dyncom/arm_dyncom_interpreter.cpp:1682:28: error: use of undeclared identifier 'next_block'
 1682 |             if (ExecBlock* next_block = Core::GetBlockCache().find(cpu->Reg[15])) {
      |                            ^~~~~~~~~~
C:/Users/shubadub/Documents/azahar/azahar/src/core/arm/dyncom/arm_dyncom_interpreter.cpp:1683:48: error: use of undeclared identifier 'next_block'
 1683 |                 u32 more = Core::RunExecBlock(*next_block, cpu);
      |                                                ^~~~~~~~~~
C:/Users/shubadub/Documents/azahar/azahar/src/core/arm/dyncom/arm_dyncom_interpreter.cpp:1694:28: error: use of undeclared identifier 'block'
 1694 |         if (block_count == block->steps.size() &&
      |                            ^~~~~
C:/Users/shubadub/Documents/azahar/azahar/src/core/arm/dyncom/arm_dyncom_interpreter.cpp:1696:64: error: use of undeclared identifier 'block'; did you mean 'clock'?
 1696 |             Core::WasmJIT::CompileAndCacheBlock(cpu->Reg[15], *block);
      |                                                                ^~~~~
      |                                                                clock
C:\Users\shubadub\AppData\Local\emscripten_cache\sysroot/include\time.h:54:9: note: 'clock' declared here
   54 | clock_t clock (void);
      |         ^
C:/Users/shubadub/Documents/azahar/azahar/src/core/arm/dyncom/arm_dyncom_interpreter.cpp:1696:63: error: reference to type 'const ExecBlock' could not bind to an lvalue of type 'clock_t ()' (aka 'int ()')
 1696 |             Core::WasmJIT::CompileAndCacheBlock(cpu->Reg[15], *block);
      |                                                               ^~~~~~
C:/Users/shubadub/Documents/azahar/azahar/src/.\core/arm/wasm_jit/wasm_module_cache.h:91:62: note: passing argument to parameter 'block' here
   91 | WasmInstanceId CompileAndCacheBlock(u32 pc, const ExecBlock& block);
      |                                                              ^
C:/Users/shubadub/Documents/azahar/azahar/src/core/arm/dyncom/arm_dyncom_interpreter.cpp:1710:9: error: unknown type name 'ExecBlock'; did you mean 'Core::ExecBlock'?
 1710 |         ExecBlock new_block;
      |         ^~~~~~~~~
      |         Core::ExecBlock
C:/Users/shubadub/Documents/azahar/azahar/src/.\core/arm/wasm_jit/wasm_module_cache.h:16:8: note: 'Core::ExecBlock' declared here
   16 | struct ExecBlock;
      |        ^
12 errors generated.
ninja: build stopped: subcommand failed.
