[1/1420] Building C object externals/zstd/build/cmake/lib/CMakeFiles/libzstd_static.dir/__/__/__/lib/common/debug.c.o
[2/1420] Building C object externals/zstd/build/cmake/lib/CMakeFiles/libzstd_static.dir/__/__/__/lib/common/error_private.c.o
[3/1420] Building C object externals/zstd/build/cmake/lib/CMakeFiles/libzstd_static.dir/__/__/__/lib/common/entropy_common.c.o
[4/1420] Building C object externals/zstd/build/cmake/lib/CMakeFiles/libzstd_static.dir/__/__/__/lib/common/fse_decompress.c.o
[5/1420] Building C object externals/zstd/build/cmake/lib/CMakeFiles/libzstd_static.dir/__/__/__/lib/common/threading.c.o
[6/1420] Building C object externals/zstd/build/cmake/lib/CMakeFiles/libzstd_static.dir/__/__/__/lib/common/pool.c.o
[7/1420] Building C object externals/zstd/build/cmake/lib/CMakeFiles/libzstd_static.dir/__/__/__/lib/common/xxhash.c.o
[8/1420] Building C object externals/zstd/build/cmake/lib/CMakeFiles/libzstd_static.dir/__/__/__/lib/common/zstd_common.c.o
[9/1420] Building C object externals/zstd/build/cmake/lib/CMakeFiles/libzstd_static.dir/__/__/__/lib/compress/hist.c.o
[10/1420] Building C object externals/zstd/build/cmake/lib/CMakeFiles/libzstd_static.dir/__/__/__/lib/compress/fse_compress.c.o
[11/1420] Building C object externals/zstd/build/cmake/lib/CMakeFiles/libzstd_static.dir/__/__/__/lib/compress/huf_compress.c.o
[12/1420] Building C object externals/zstd/build/cmake/lib/CMakeFiles/libzstd_static.dir/__/__/__/lib/compress/zstd_compress_literals.c.o
[13/1420] Building C object externals/zstd/build/cmake/lib/CMakeFiles/libzstd_static.dir/__/__/__/lib/compress/zstd_compress_sequences.c.o
[14/1420] Building C object externals/zstd/build/cmake/lib/CMakeFiles/libzstd_static.dir/__/__/__/lib/compress/zstd_compress_superblock.c.o
[15/1420] Building C object externals/zstd/build/cmake/lib/CMakeFiles/libzstd_static.dir/__/__/__/lib/compress/zstd_compress.c.o
[16/1420] Building C object externals/zstd/build/cmake/lib/CMakeFiles/libzstd_static.dir/__/__/__/lib/compress/zstd_ldm.c.o
[17/1420] Building C object externals/zstd/build/cmake/lib/CMakeFiles/libzstd_static.dir/__/__/__/lib/compress/zstd_double_fast.c.o
[18/1420] Building C object externals/zstd/build/cmake/lib/CMakeFiles/libzstd_static.dir/__/__/__/lib/compress/zstd_fast.c.o
[19/1420] Building C object externals/zstd/build/cmake/lib/CMakeFiles/libzstd_static.dir/__/__/__/lib/compress/zstd_preSplit.c.o
[20/1420] Building C object externals/zstd/build/cmake/lib/CMakeFiles/libzstd_static.dir/__/__/__/lib/compress/zstdmt_compress.c.o
[21/1420] Building C object externals/zstd/build/cmake/lib/CMakeFiles/libzstd_static.dir/__/__/__/lib/decompress/zstd_ddict.c.o
[22/1420] Building C object externals/zstd/build/cmake/lib/CMakeFiles/libzstd_static.dir/__/__/__/lib/compress/zstd_opt.c.o
[23/1420] Building C object externals/zstd/build/cmake/lib/CMakeFiles/libzstd_static.dir/__/__/__/lib/decompress/huf_decompress.c.o
[24/1420] Building C object externals/zstd/build/cmake/lib/CMakeFiles/libzstd_static.dir/__/__/__/lib/decompress/zstd_decompress.c.o
[25/1420] Building C object externals/zstd/build/cmake/lib/CMakeFiles/libzstd_static.dir/__/__/__/lib/dictBuilder/cover.c.o
[26/1420] Building C object externals/zstd/build/cmake/lib/CMakeFiles/libzstd_static.dir/__/__/__/lib/dictBuilder/fastcover.c.o
[27/1420] Building C object externals/zstd/build/cmake/lib/CMakeFiles/libzstd_static.dir/__/__/__/lib/compress/zstd_lazy.c.o
[28/1420] Building C object externals/zstd/build/cmake/lib/CMakeFiles/libzstd_static.dir/__/__/__/lib/decompress/zstd_decompress_block.c.o
[29/1420] Building C object externals/zstd/build/cmake/lib/CMakeFiles/libzstd_static.dir/__/__/__/lib/dictBuilder/divsufsort.c.o
[30/1420] Building C object externals/zstd/build/cmake/lib/CMakeFiles/libzstd_static.dir/__/__/__/lib/dictBuilder/zdict.c.o
[31/1420] Building CXX object externals/CMakeFiles/boost_serialization.dir/boost/libs/serialization/src/basic_archive.cpp.o
[32/1420] Building CXX object externals/CMakeFiles/boost_serialization.dir/boost/libs/serialization/src/basic_iserializer.cpp.o
[33/1420] Building CXX object externals/CMakeFiles/boost_serialization.dir/boost/libs/serialization/src/archive_exception.cpp.o
[34/1420] Building CXX object externals/CMakeFiles/boost_serialization.dir/boost/libs/serialization/src/basic_oserializer.cpp.o
[35/1420] Building CXX object externals/CMakeFiles/boost_serialization.dir/boost/libs/serialization/src/basic_pointer_iserializer.cpp.o
[36/1420] Building CXX object externals/CMakeFiles/boost_serialization.dir/boost/libs/serialization/src/basic_pointer_oserializer.cpp.o
[37/1420] Building CXX object externals/CMakeFiles/boost_serialization.dir/boost/libs/serialization/src/basic_iarchive.cpp.o
[38/1420] Building CXX object externals/CMakeFiles/boost_serialization.dir/boost/libs/serialization/src/basic_oarchive.cpp.o
[39/1420] Building CXX object externals/CMakeFiles/boost_serialization.dir/boost/libs/serialization/src/basic_serializer_map.cpp.o
[40/1420] Building CXX object externals/CMakeFiles/boost_serialization.dir/boost/libs/serialization/src/basic_text_iprimitive.cpp.o
[41/1420] Building CXX object externals/CMakeFiles/boost_serialization.dir/boost/libs/serialization/src/basic_text_wiprimitive.cpp.o
[42/1420] Building CXX object externals/CMakeFiles/boost_serialization.dir/boost/libs/serialization/src/basic_text_oprimitive.cpp.o
[43/1420] Building CXX object externals/CMakeFiles/boost_serialization.dir/boost/libs/serialization/src/basic_xml_archive.cpp.o
[44/1420] Building CXX object externals/CMakeFiles/boost_serialization.dir/boost/libs/serialization/src/basic_text_woprimitive.cpp.o
[45/1420] Building CXX object externals/CMakeFiles/boost_serialization.dir/boost/libs/serialization/src/binary_oarchive.cpp.o
[46/1420] Building CXX object externals/CMakeFiles/boost_serialization.dir/boost/libs/serialization/src/binary_iarchive.cpp.o
[47/1420] Building CXX object externals/CMakeFiles/boost_serialization.dir/boost/libs/serialization/src/binary_wiarchive.cpp.o
[48/1420] Building CXX object externals/CMakeFiles/boost_serialization.dir/boost/libs/serialization/src/binary_woarchive.cpp.o
[49/1420] Building CXX object externals/CMakeFiles/boost_serialization.dir/boost/libs/serialization/src/codecvt_null.cpp.o
[50/1420] Building CXX object externals/CMakeFiles/boost_serialization.dir/boost/libs/serialization/src/extended_type_info.cpp.o
[51/1420] Building CXX object externals/CMakeFiles/boost_serialization.dir/boost/libs/serialization/src/extended_type_info_no_rtti.cpp.o
[52/1420] Building CXX object externals/CMakeFiles/boost_serialization.dir/boost/libs/serialization/src/extended_type_info_typeid.cpp.o
[53/1420] Building CXX object externals/CMakeFiles/boost_serialization.dir/boost/libs/serialization/src/polymorphic_binary_iarchive.cpp.o
[54/1420] Building CXX object externals/CMakeFiles/boost_serialization.dir/boost/libs/serialization/src/polymorphic_iarchive.cpp.o
[55/1420] Building CXX object externals/CMakeFiles/boost_serialization.dir/boost/libs/serialization/src/polymorphic_binary_oarchive.cpp.o
[56/1420] Building CXX object externals/CMakeFiles/boost_serialization.dir/boost/libs/serialization/src/polymorphic_oarchive.cpp.o
[57/1420] Building CXX object externals/CMakeFiles/boost_serialization.dir/boost/libs/serialization/src/polymorphic_text_iarchive.cpp.o
[58/1420] Building CXX object externals/CMakeFiles/boost_serialization.dir/boost/libs/serialization/src/polymorphic_text_oarchive.cpp.o
[59/1420] Building CXX object externals/CMakeFiles/boost_serialization.dir/boost/libs/serialization/src/polymorphic_text_wiarchive.cpp.o
[60/1420] Building CXX object externals/CMakeFiles/boost_serialization.dir/boost/libs/serialization/src/polymorphic_text_woarchive.cpp.o
[61/1420] Building CXX object externals/CMakeFiles/boost_serialization.dir/boost/libs/serialization/src/polymorphic_xml_iarchive.cpp.o
[62/1420] Building CXX object externals/CMakeFiles/boost_serialization.dir/boost/libs/serialization/src/polymorphic_xml_oarchive.cpp.o
[63/1420] Building CXX object externals/CMakeFiles/boost_serialization.dir/boost/libs/serialization/src/polymorphic_xml_wiarchive.cpp.o
[64/1420] Building CXX object externals/CMakeFiles/boost_serialization.dir/boost/libs/serialization/src/stl_port.cpp.o
[65/1420] Building CXX object externals/CMakeFiles/boost_serialization.dir/boost/libs/serialization/src/polymorphic_xml_woarchive.cpp.o
[66/1420] Building CXX object externals/CMakeFiles/boost_serialization.dir/boost/libs/serialization/src/text_iarchive.cpp.o
[67/1420] Building CXX object externals/CMakeFiles/boost_serialization.dir/boost/libs/serialization/src/text_oarchive.cpp.o
[68/1420] Building CXX object externals/CMakeFiles/boost_serialization.dir/boost/libs/serialization/src/text_wiarchive.cpp.o
[69/1420] Building CXX object externals/CMakeFiles/boost_serialization.dir/boost/libs/serialization/src/text_woarchive.cpp.o
[70/1420] Building CXX object externals/CMakeFiles/boost_serialization.dir/boost/libs/serialization/src/xml_archive_exception.cpp.o
[71/1420] Building CXX object externals/CMakeFiles/boost_serialization.dir/boost/libs/serialization/src/utf8_codecvt_facet.cpp.o
[72/1420] Building CXX object externals/CMakeFiles/boost_serialization.dir/boost/libs/serialization/src/void_cast.cpp.o
[73/1420] Building CXX object externals/CMakeFiles/boost_serialization.dir/boost/libs/serialization/src/xml_oarchive.cpp.o
[74/1420] Building CXX object externals/CMakeFiles/boost_serialization.dir/boost/libs/serialization/src/xml_iarchive.cpp.o
[75/1420] Building CXX object externals/CMakeFiles/boost_serialization.dir/boost/libs/serialization/src/xml_grammar.cpp.o
[76/1420] Building CXX object externals/CMakeFiles/boost_serialization.dir/boost/libs/serialization/src/xml_wgrammar.cpp.o
[77/1420] Building CXX object externals/CMakeFiles/boost_iostreams.dir/boost/libs/iostreams/src/file_descriptor.cpp.o
[78/1420] Building CXX object externals/CMakeFiles/boost_serialization.dir/boost/libs/serialization/src/xml_woarchive.cpp.o
[79/1420] Building C object externals/CMakeFiles/zstd_seekable.dir/zstd/contrib/seekable_format/zstdseek_compress.c.o
[80/1420] Building CXX object externals/CMakeFiles/boost_serialization.dir/boost/libs/serialization/src/xml_wiarchive.cpp.o
[81/1420] Building C object externals/CMakeFiles/zstd_seekable.dir/zstd/contrib/seekable_format/zstdseek_decompress.c.o
[82/1420] Building CXX object externals/CMakeFiles/boost_iostreams.dir/boost/libs/iostreams/src/mapped_file.cpp.o
[83/1420] Building CXX object externals/cryptopp-cmake/cryptopp/CMakeFiles/cryptopp.dir/__/__/cryptopp/sse_simd.cpp.o
[84/1420] Building CXX object externals/cryptopp-cmake/cryptopp/CMakeFiles/cryptopp.dir/__/__/cryptopp/cpu.cpp.o
[85/1420] Building CXX object externals/cryptopp-cmake/cryptopp/CMakeFiles/cryptopp.dir/__/__/cryptopp/cryptlib.cpp.o
[86/1420] Building CXX object externals/cryptopp-cmake/cryptopp/CMakeFiles/cryptopp.dir/__/__/cryptopp/3way.cpp.o
[87/1420] Building CXX object externals/cryptopp-cmake/cryptopp/CMakeFiles/cryptopp.dir/__/__/cryptopp/adler32.cpp.o
[88/1420] Building CXX object externals/cryptopp-cmake/cryptopp/CMakeFiles/cryptopp.dir/__/__/cryptopp/algebra.cpp.o
[89/1420] Building CXX object externals/cryptopp-cmake/cryptopp/CMakeFiles/cryptopp.dir/__/__/cryptopp/algparam.cpp.o
[90/1420] Building CXX object externals/cryptopp-cmake/cryptopp/CMakeFiles/cryptopp.dir/__/__/cryptopp/allocate.cpp.o
[91/1420] Building CXX object externals/cryptopp-cmake/cryptopp/CMakeFiles/cryptopp.dir/__/__/cryptopp/integer.cpp.o
[92/1420] Building CXX object externals/cryptopp-cmake/cryptopp/CMakeFiles/cryptopp.dir/__/__/cryptopp/arc4.cpp.o
[93/1420] Building CXX object externals/cryptopp-cmake/cryptopp/CMakeFiles/cryptopp.dir/__/__/cryptopp/ariatab.cpp.o
[94/1420] Building CXX object externals/cryptopp-cmake/cryptopp/CMakeFiles/cryptopp.dir/__/__/cryptopp/aria.cpp.o
[95/1420] Building CXX object externals/cryptopp-cmake/cryptopp/CMakeFiles/cryptopp.dir/__/__/cryptopp/authenc.cpp.o
[96/1420] Building CXX object externals/cryptopp-cmake/cryptopp/CMakeFiles/cryptopp.dir/__/__/cryptopp/asn.cpp.o
[97/1420] Building CXX object externals/cryptopp-cmake/cryptopp/CMakeFiles/cryptopp.dir/__/__/cryptopp/base32.cpp.o
[98/1420] Building CXX object externals/cryptopp-cmake/cryptopp/CMakeFiles/cryptopp.dir/__/__/cryptopp/base64.cpp.o
[99/1420] Building CXX object externals/cryptopp-cmake/cryptopp/CMakeFiles/cryptopp.dir/__/__/cryptopp/basecode.cpp.o
[100/1420] Building CXX object externals/cryptopp-cmake/cryptopp/CMakeFiles/cryptopp.dir/__/__/cryptopp/bfinit.cpp.o
[101/1420] Building CXX object externals/cryptopp-cmake/cryptopp/CMakeFiles/cryptopp.dir/__/__/cryptopp/blake2.cpp.o
[102/1420] Building CXX object externals/cryptopp-cmake/cryptopp/CMakeFiles/cryptopp.dir/__/__/cryptopp/blowfish.cpp.o
[103/1420] Building CXX object externals/cryptopp-cmake/cryptopp/CMakeFiles/cryptopp.dir/__/__/cryptopp/blumshub.cpp.o
[104/1420] Building CXX object externals/cryptopp-cmake/cryptopp/CMakeFiles/cryptopp.dir/__/__/cryptopp/camellia.cpp.o
[105/1420] Building CXX object externals/cryptopp-cmake/cryptopp/CMakeFiles/cryptopp.dir/__/__/cryptopp/casts.cpp.o
[106/1420] Building CXX object externals/cryptopp-cmake/cryptopp/CMakeFiles/cryptopp.dir/__/__/cryptopp/cast.cpp.o
[107/1420] Building CXX object externals/cryptopp-cmake/cryptopp/CMakeFiles/cryptopp.dir/__/__/cryptopp/cbcmac.cpp.o
[108/1420] Building CXX object externals/cryptopp-cmake/cryptopp/CMakeFiles/cryptopp.dir/__/__/cryptopp/ccm.cpp.o
[109/1420] Building CXX object externals/cryptopp-cmake/cryptopp/CMakeFiles/cryptopp.dir/__/__/cryptopp/chacha.cpp.o
[110/1420] Building CXX object externals/cryptopp-cmake/cryptopp/CMakeFiles/cryptopp.dir/__/__/cryptopp/chachapoly.cpp.o
[111/1420] Building CXX object externals/cryptopp-cmake/cryptopp/CMakeFiles/cryptopp.dir/__/__/cryptopp/cham.cpp.o
[112/1420] Building CXX object externals/cryptopp-cmake/cryptopp/CMakeFiles/cryptopp.dir/__/__/cryptopp/channels.cpp.o
[113/1420] Building CXX object externals/cryptopp-cmake/cryptopp/CMakeFiles/cryptopp.dir/__/__/cryptopp/cmac.cpp.o
[114/1420] Building CXX object externals/cryptopp-cmake/cryptopp/CMakeFiles/cryptopp.dir/__/__/cryptopp/crc.cpp.o
[115/1420] Building CXX object externals/cryptopp-cmake/cryptopp/CMakeFiles/cryptopp.dir/__/__/cryptopp/darn.cpp.o
[116/1420] Building CXX object externals/cryptopp-cmake/cryptopp/CMakeFiles/cryptopp.dir/__/__/cryptopp/default.cpp.o
[117/1420] Building CXX object externals/cryptopp-cmake/cryptopp/CMakeFiles/cryptopp.dir/__/__/cryptopp/dessp.cpp.o
[118/1420] Building CXX object externals/cryptopp-cmake/cryptopp/CMakeFiles/cryptopp.dir/__/__/cryptopp/des.cpp.o
[119/1420] Building CXX object externals/cryptopp-cmake/cryptopp/CMakeFiles/cryptopp.dir/__/__/cryptopp/dh.cpp.o
[120/1420] Building CXX object externals/cryptopp-cmake/cryptopp/CMakeFiles/cryptopp.dir/__/__/cryptopp/dh2.cpp.o
[121/1420] Building CXX object externals/cryptopp-cmake/cryptopp/CMakeFiles/cryptopp.dir/__/__/cryptopp/donna_64.cpp.o
[122/1420] Building CXX object externals/cryptopp-cmake/cryptopp/CMakeFiles/cryptopp.dir/__/__/cryptopp/dsa.cpp.o
[123/1420] Building CXX object externals/cryptopp-cmake/cryptopp/CMakeFiles/cryptopp.dir/__/__/cryptopp/donna_32.cpp.o
[124/1420] Building CXX object externals/cryptopp-cmake/cryptopp/CMakeFiles/cryptopp.dir/__/__/cryptopp/eax.cpp.o
[125/1420] Building CXX object externals/cryptopp-cmake/cryptopp/CMakeFiles/cryptopp.dir/__/__/cryptopp/ec2n.cpp.o
[126/1420] Building CXX object externals/cryptopp-cmake/cryptopp/CMakeFiles/cryptopp.dir/__/__/cryptopp/eccrypto.cpp.o
[127/1420] Building CXX object externals/cryptopp-cmake/cryptopp/CMakeFiles/cryptopp.dir/__/__/cryptopp/ecp.cpp.o
[128/1420] Building CXX object externals/cryptopp-cmake/cryptopp/CMakeFiles/cryptopp.dir/__/__/cryptopp/elgamal.cpp.o
[129/1420] Building CXX object externals/cryptopp-cmake/cryptopp/CMakeFiles/cryptopp.dir/__/__/cryptopp/emsa2.cpp.o
[130/1420] Building CXX object externals/cryptopp-cmake/cryptopp/CMakeFiles/cryptopp.dir/__/__/cryptopp/dll.cpp.o
[131/1420] Building CXX object externals/cryptopp-cmake/cryptopp/CMakeFiles/cryptopp.dir/__/__/cryptopp/eprecomp.cpp.o
[132/1420] Building CXX object externals/cryptopp-cmake/cryptopp/CMakeFiles/cryptopp.dir/__/__/cryptopp/esign.cpp.o
[133/1420] Building CXX object externals/cryptopp-cmake/cryptopp/CMakeFiles/cryptopp.dir/__/__/cryptopp/files.cpp.o
[134/1420] Building CXX object externals/cryptopp-cmake/cryptopp/CMakeFiles/cryptopp.dir/__/__/cryptopp/fips140.cpp.o
[135/1420] Building CXX object externals/cryptopp-cmake/cryptopp/CMakeFiles/cryptopp.dir/__/__/cryptopp/filters.cpp.o
[136/1420] Building CXX object externals/cryptopp-cmake/cryptopp/CMakeFiles/cryptopp.dir/__/__/cryptopp/gcm.cpp.o
[137/1420] Building CXX object externals/cryptopp-cmake/cryptopp/CMakeFiles/cryptopp.dir/__/__/cryptopp/gf256.cpp.o
[138/1420] Building CXX object externals/cryptopp-cmake/cryptopp/CMakeFiles/cryptopp.dir/__/__/cryptopp/gf2_32.cpp.o
[139/1420] Building CXX object externals/cryptopp-cmake/cryptopp/CMakeFiles/cryptopp.dir/__/__/cryptopp/gfpcrypt.cpp.o
[140/1420] Building CXX object externals/cryptopp-cmake/cryptopp/CMakeFiles/cryptopp.dir/__/__/cryptopp/gf2n.cpp.o
[141/1420] Building CXX object externals/cryptopp-cmake/cryptopp/CMakeFiles/cryptopp.dir/__/__/cryptopp/fipstest.cpp.o
[142/1420] Building CXX object externals/cryptopp-cmake/cryptopp/CMakeFiles/cryptopp.dir/__/__/cryptopp/gost.cpp.o
[143/1420] Building CXX object externals/cryptopp-cmake/cryptopp/CMakeFiles/cryptopp.dir/__/__/cryptopp/gzip.cpp.o
[144/1420] Building CXX object externals/cryptopp-cmake/cryptopp/CMakeFiles/cryptopp.dir/__/__/cryptopp/hc128.cpp.o
[145/1420] Building CXX object externals/cryptopp-cmake/cryptopp/CMakeFiles/cryptopp.dir/__/__/cryptopp/hc256.cpp.o
[146/1420] Building CXX object externals/cryptopp-cmake/cryptopp/CMakeFiles/cryptopp.dir/__/__/cryptopp/hex.cpp.o
[147/1420] Building CXX object externals/cryptopp-cmake/cryptopp/CMakeFiles/cryptopp.dir/__/__/cryptopp/hmac.cpp.o
[148/1420] Building CXX object externals/cryptopp-cmake/cryptopp/CMakeFiles/cryptopp.dir/__/__/cryptopp/hrtimer.cpp.o
[149/1420] Building CXX object externals/cryptopp-cmake/cryptopp/CMakeFiles/cryptopp.dir/__/__/cryptopp/hight.cpp.o
[150/1420] Building CXX object externals/cryptopp-cmake/cryptopp/CMakeFiles/cryptopp.dir/__/__/cryptopp/ida.cpp.o
[151/1420] Building CXX object externals/cryptopp-cmake/cryptopp/CMakeFiles/cryptopp.dir/__/__/cryptopp/idea.cpp.o
[152/1420] Building CXX object externals/cryptopp-cmake/cryptopp/CMakeFiles/cryptopp.dir/__/__/cryptopp/iterhash.cpp.o
[153/1420] Building CXX object externals/cryptopp-cmake/cryptopp/CMakeFiles/cryptopp.dir/__/__/cryptopp/kalyna.cpp.o
[154/1420] Building CXX object externals/cryptopp-cmake/cryptopp/CMakeFiles/cryptopp.dir/__/__/cryptopp/kalynatab.cpp.o
[155/1420] Building CXX object externals/cryptopp-cmake/cryptopp/CMakeFiles/cryptopp.dir/__/__/cryptopp/keccak.cpp.o
[156/1420] Building CXX object externals/cryptopp-cmake/cryptopp/CMakeFiles/cryptopp.dir/__/__/cryptopp/lea.cpp.o
[157/1420] Building CXX object externals/cryptopp-cmake/cryptopp/CMakeFiles/cryptopp.dir/__/__/cryptopp/keccak_core.cpp.o
[158/1420] Building CXX object externals/cryptopp-cmake/cryptopp/CMakeFiles/cryptopp.dir/__/__/cryptopp/lsh256.cpp.o
[159/1420] Building CXX object externals/cryptopp-cmake/cryptopp/CMakeFiles/cryptopp.dir/__/__/cryptopp/lsh512.cpp.o
[160/1420] Building CXX object externals/cryptopp-cmake/cryptopp/CMakeFiles/cryptopp.dir/__/__/cryptopp/mars.cpp.o
[161/1420] Building CXX object externals/cryptopp-cmake/cryptopp/CMakeFiles/cryptopp.dir/__/__/cryptopp/marss.cpp.o
[162/1420] Building CXX object externals/cryptopp-cmake/cryptopp/CMakeFiles/cryptopp.dir/__/__/cryptopp/md2.cpp.o
[163/1420] Building CXX object externals/cryptopp-cmake/cryptopp/CMakeFiles/cryptopp.dir/__/__/cryptopp/luc.cpp.o
[164/1420] Building CXX object externals/cryptopp-cmake/cryptopp/CMakeFiles/cryptopp.dir/__/__/cryptopp/md4.cpp.o
[165/1420] Building CXX object externals/cryptopp-cmake/cryptopp/CMakeFiles/cryptopp.dir/__/__/cryptopp/md5.cpp.o
[166/1420] Building CXX object externals/cryptopp-cmake/cryptopp/CMakeFiles/cryptopp.dir/__/__/cryptopp/misc.cpp.o
[167/1420] Building CXX object externals/cryptopp-cmake/cryptopp/CMakeFiles/cryptopp.dir/__/__/cryptopp/modes.cpp.o
[168/1420] Building CXX object externals/cryptopp-cmake/cryptopp/CMakeFiles/cryptopp.dir/__/__/cryptopp/mqv.cpp.o
[169/1420] Building CXX object externals/cryptopp-cmake/cryptopp/CMakeFiles/cryptopp.dir/__/__/cryptopp/mqueue.cpp.o
[170/1420] Building CXX object externals/cryptopp-cmake/cryptopp/CMakeFiles/cryptopp.dir/__/__/cryptopp/oaep.cpp.o
[171/1420] Building CXX object externals/cryptopp-cmake/cryptopp/CMakeFiles/cryptopp.dir/__/__/cryptopp/nbtheory.cpp.o
[172/1420] Building CXX object externals/cryptopp-cmake/cryptopp/CMakeFiles/cryptopp.dir/__/__/cryptopp/osrng.cpp.o
[173/1420] Building CXX object externals/cryptopp-cmake/cryptopp/CMakeFiles/cryptopp.dir/__/__/cryptopp/padlkrng.cpp.o
[174/1420] Building CXX object externals/cryptopp-cmake/cryptopp/CMakeFiles/cryptopp.dir/__/__/cryptopp/panama.cpp.o
[175/1420] Building CXX object externals/cryptopp-cmake/cryptopp/CMakeFiles/cryptopp.dir/__/__/cryptopp/pkcspad.cpp.o
[176/1420] Building CXX object externals/cryptopp-cmake/cryptopp/CMakeFiles/cryptopp.dir/__/__/cryptopp/poly1305.cpp.o
[177/1420] Building CXX object externals/cryptopp-cmake/cryptopp/CMakeFiles/cryptopp.dir/__/__/cryptopp/primetab.cpp.o
[178/1420] Building CXX object externals/cryptopp-cmake/cryptopp/CMakeFiles/cryptopp.dir/__/__/cryptopp/polynomi.cpp.o
[179/1420] Building CXX object externals/cryptopp-cmake/cryptopp/CMakeFiles/cryptopp.dir/__/__/cryptopp/pssr.cpp.o
[180/1420] Building CXX object externals/cryptopp-cmake/cryptopp/CMakeFiles/cryptopp.dir/__/__/cryptopp/queue.cpp.o
[181/1420] Building CXX object externals/cryptopp-cmake/cryptopp/CMakeFiles/cryptopp.dir/__/__/cryptopp/rabbit.cpp.o
[182/1420] Building CXX object externals/cryptopp-cmake/cryptopp/CMakeFiles/cryptopp.dir/__/__/cryptopp/pubkey.cpp.o
[183/1420] Building CXX object externals/cryptopp-cmake/cryptopp/CMakeFiles/cryptopp.dir/__/__/cryptopp/rabin.cpp.o
[184/1420] Building CXX object externals/cryptopp-cmake/cryptopp/CMakeFiles/cryptopp.dir/__/__/cryptopp/rc2.cpp.o
[185/1420] Building CXX object externals/cryptopp-cmake/cryptopp/CMakeFiles/cryptopp.dir/__/__/cryptopp/rc5.cpp.o
[186/1420] Building CXX object externals/cryptopp-cmake/cryptopp/CMakeFiles/cryptopp.dir/__/__/cryptopp/randpool.cpp.o
[187/1420] Building CXX object externals/cryptopp-cmake/cryptopp/CMakeFiles/cryptopp.dir/__/__/cryptopp/rc6.cpp.o
[188/1420] Building CXX object externals/cryptopp-cmake/cryptopp/CMakeFiles/cryptopp.dir/__/__/cryptopp/rdrand.cpp.o
[189/1420] Building CXX object externals/cryptopp-cmake/cryptopp/CMakeFiles/cryptopp.dir/__/__/cryptopp/rdtables.cpp.o
[190/1420] Building CXX object externals/cryptopp-cmake/cryptopp/CMakeFiles/cryptopp.dir/__/__/cryptopp/rijndael.cpp.o
[191/1420] Building CXX object externals/cryptopp-cmake/cryptopp/CMakeFiles/cryptopp.dir/__/__/cryptopp/ripemd.cpp.o
[192/1420] Building CXX object externals/cryptopp-cmake/cryptopp/CMakeFiles/cryptopp.dir/__/__/cryptopp/rng.cpp.o
[193/1420] Building CXX object externals/cryptopp-cmake/cryptopp/CMakeFiles/cryptopp.dir/__/__/cryptopp/rw.cpp.o
[194/1420] Building CXX object externals/cryptopp-cmake/cryptopp/CMakeFiles/cryptopp.dir/__/__/cryptopp/rsa.cpp.o
[195/1420] Building CXX object externals/cryptopp-cmake/cryptopp/CMakeFiles/cryptopp.dir/__/__/cryptopp/safer.cpp.o
[196/1420] Building CXX object externals/cryptopp-cmake/cryptopp/CMakeFiles/cryptopp.dir/__/__/cryptopp/salsa.cpp.o
[197/1420] Building CXX object externals/cryptopp-cmake/cryptopp/CMakeFiles/cryptopp.dir/__/__/cryptopp/seal.cpp.o
[198/1420] Building CXX object externals/cryptopp-cmake/cryptopp/CMakeFiles/cryptopp.dir/__/__/cryptopp/seed.cpp.o
[199/1420] Building CXX object externals/cryptopp-cmake/cryptopp/CMakeFiles/cryptopp.dir/__/__/cryptopp/scrypt.cpp.o
[200/1420] Building CXX object externals/cryptopp-cmake/cryptopp/CMakeFiles/cryptopp.dir/__/__/cryptopp/serpent.cpp.o
[201/1420] Building CXX object externals/cryptopp-cmake/cryptopp/CMakeFiles/cryptopp.dir/__/__/cryptopp/sha3.cpp.o
[202/1420] Building CXX object externals/cryptopp-cmake/cryptopp/CMakeFiles/cryptopp.dir/__/__/cryptopp/shacal2.cpp.o
[203/1420] Building CXX object externals/cryptopp-cmake/cryptopp/CMakeFiles/cryptopp.dir/__/__/cryptopp/sha.cpp.o
[204/1420] Building CXX object externals/cryptopp-cmake/cryptopp/CMakeFiles/cryptopp.dir/__/__/cryptopp/shake.cpp.o
[205/1420] Building CXX object externals/cryptopp-cmake/cryptopp/CMakeFiles/cryptopp.dir/__/__/cryptopp/sharkbox.cpp.o
[206/1420] Building CXX object externals/cryptopp-cmake/cryptopp/CMakeFiles/cryptopp.dir/__/__/cryptopp/shark.cpp.o
[207/1420] Building CXX object externals/cryptopp-cmake/cryptopp/CMakeFiles/cryptopp.dir/__/__/cryptopp/simeck.cpp.o
[208/1420] Building CXX object externals/cryptopp-cmake/cryptopp/CMakeFiles/cryptopp.dir/__/__/cryptopp/simon.cpp.o
[209/1420] Building CXX object externals/cryptopp-cmake/cryptopp/CMakeFiles/cryptopp.dir/__/__/cryptopp/skipjack.cpp.o
[210/1420] Building CXX object externals/cryptopp-cmake/cryptopp/CMakeFiles/cryptopp.dir/__/__/cryptopp/sm3.cpp.o
[211/1420] Building CXX object externals/cryptopp-cmake/cryptopp/CMakeFiles/cryptopp.dir/__/__/cryptopp/sm4.cpp.o
[212/1420] Building CXX object externals/cryptopp-cmake/cryptopp/CMakeFiles/cryptopp.dir/__/__/cryptopp/sosemanuk.cpp.o
[213/1420] Building CXX object externals/cryptopp-cmake/cryptopp/CMakeFiles/cryptopp.dir/__/__/cryptopp/squaretb.cpp.o
[214/1420] Building CXX object externals/cryptopp-cmake/cryptopp/CMakeFiles/cryptopp.dir/__/__/cryptopp/speck.cpp.o
[215/1420] Building CXX object externals/cryptopp-cmake/cryptopp/CMakeFiles/cryptopp.dir/__/__/cryptopp/square.cpp.o
[216/1420] Building CXX object externals/cryptopp-cmake/cryptopp/CMakeFiles/cryptopp.dir/__/__/cryptopp/strciphr.cpp.o
[217/1420] Building CXX object externals/cryptopp-cmake/cryptopp/CMakeFiles/cryptopp.dir/__/__/cryptopp/tftables.cpp.o
[218/1420] Building CXX object externals/cryptopp-cmake/cryptopp/CMakeFiles/cryptopp.dir/__/__/cryptopp/tea.cpp.o
[219/1420] Building CXX object externals/cryptopp-cmake/cryptopp/CMakeFiles/cryptopp.dir/__/__/cryptopp/tiger.cpp.o
[220/1420] Building CXX object externals/cryptopp-cmake/cryptopp/CMakeFiles/cryptopp.dir/__/__/cryptopp/threefish.cpp.o
[221/1420] Building CXX object externals/cryptopp-cmake/cryptopp/CMakeFiles/cryptopp.dir/__/__/cryptopp/tigertab.cpp.o
[222/1420] Building CXX object externals/cryptopp-cmake/cryptopp/CMakeFiles/cryptopp.dir/__/__/cryptopp/ttmac.cpp.o
[223/1420] Building CXX object externals/cryptopp-cmake/cryptopp/CMakeFiles/cryptopp.dir/__/__/cryptopp/tweetnacl.cpp.o
[224/1420] Building CXX object externals/cryptopp-cmake/cryptopp/CMakeFiles/cryptopp.dir/__/__/cryptopp/twofish.cpp.o
[225/1420] Building CXX object externals/cryptopp-cmake/cryptopp/CMakeFiles/cryptopp.dir/__/__/cryptopp/vmac.cpp.o
[226/1420] Building CXX object externals/cryptopp-cmake/cryptopp/CMakeFiles/cryptopp.dir/__/__/cryptopp/wake.cpp.o
[227/1420] Building CXX object externals/cryptopp-cmake/cryptopp/CMakeFiles/cryptopp.dir/__/__/cryptopp/whrlpool.cpp.o
[228/1420] Building CXX object externals/cryptopp-cmake/cryptopp/CMakeFiles/cryptopp.dir/__/__/cryptopp/xtrcrypt.cpp.o
[229/1420] Building CXX object externals/cryptopp-cmake/cryptopp/CMakeFiles/cryptopp.dir/__/__/cryptopp/xed25519.cpp.o
[230/1420] Building CXX object externals/cryptopp-cmake/cryptopp/CMakeFiles/cryptopp.dir/__/__/cryptopp/xtr.cpp.o
[231/1420] Building CXX object externals/cryptopp-cmake/cryptopp/CMakeFiles/cryptopp.dir/__/__/cryptopp/xts.cpp.o
[232/1420] Building CXX object externals/cryptopp-cmake/cryptopp/CMakeFiles/cryptopp.dir/__/__/cryptopp/zlib.cpp.o
[233/1420] Building CXX object externals/cryptopp-cmake/cryptopp/CMakeFiles/cryptopp.dir/__/__/cryptopp/zinflate.cpp.o
[234/1420] Building CXX object externals/cryptopp-cmake/cryptopp/CMakeFiles/cryptopp.dir/__/__/cryptopp/zdeflate.cpp.o
[235/1420] Linking C static library externals\zstd\build\cmake\lib\libzstd.a
[236/1420] Building CXX object externals/fmt/CMakeFiles/fmt.dir/src/os.cc.o
[237/1420] Linking CXX static library externals\libboost_serialization.a
[238/1420] Linking CXX static library externals\libboost_iostreams.a
[239/1420] Linking C static library externals\libzstd_seekable.a
[240/1420] Linking C static library externals\gamemode\libgamemode.a
[241/1420] Linking CXX static library externals\cryptopp-cmake\cryptopp\libcryptopp.a
[242/1420] Building C object externals/xxHash/cmake_unofficial/CMakeFiles/xxhash.dir/__/xxhash.c.o
[243/1420] Building C object externals/libressl/crypto/CMakeFiles/crypto_obj.dir/aes/aes_cbc.c.o
[244/1420] Building CXX object externals/fmt/CMakeFiles/fmt.dir/src/format.cc.o
[245/1420] Building C object externals/libressl/crypto/CMakeFiles/crypto_obj.dir/aes/aes_core.c.o
[246/1420] Linking C static library externals\xxHash\cmake_unofficial\libxxhash.a
[247/1420] Linking CXX static library externals\fmt\libfmt.a
[248/1420] Building C object externals/libressl/crypto/CMakeFiles/crypto_obj.dir/camellia/cmll_cbc.c.o
[249/1420] Building C object externals/libressl/crypto/CMakeFiles/crypto_obj.dir/camellia/camellia.c.o
[250/1420] Building C object externals/libressl/crypto/CMakeFiles/crypto_obj.dir/rc4/rc4_enc.c.o
[251/1420] Building C object externals/libressl/crypto/CMakeFiles/crypto_obj.dir/rc4/rc4_skey.c.o
[252/1420] Building C object externals/libressl/crypto/CMakeFiles/crypto_obj.dir/cpt_err.c.o
[253/1420] Building C object externals/libressl/crypto/CMakeFiles/crypto_obj.dir/whrlpool/wp_block.c.o
[254/1420] Building C object externals/libressl/crypto/CMakeFiles/crypto_obj.dir/cryptlib.c.o
[255/1420] Building C object externals/libressl/crypto/CMakeFiles/crypto_obj.dir/crypto_init.c.o
[256/1420] Building C object externals/libressl/crypto/CMakeFiles/crypto_obj.dir/cversion.c.o
[257/1420] Building C object externals/libressl/crypto/CMakeFiles/crypto_obj.dir/ex_data.c.o
[258/1420] Building C object externals/libressl/crypto/CMakeFiles/crypto_obj.dir/malloc-wrapper.c.o
[259/1420] Building C object externals/libressl/crypto/CMakeFiles/crypto_obj.dir/mem_clr.c.o
[260/1420] Building C object externals/libressl/crypto/CMakeFiles/crypto_obj.dir/mem_dbg.c.o
[261/1420] Building C object externals/libressl/crypto/CMakeFiles/crypto_obj.dir/o_fips.c.o
[262/1420] Building C object externals/libressl/crypto/CMakeFiles/crypto_obj.dir/o_init.c.o
[263/1420] Building C object externals/libressl/crypto/CMakeFiles/crypto_obj.dir/o_str.c.o
[264/1420] Building C object externals/libressl/crypto/CMakeFiles/crypto_obj.dir/aes/aes_cfb.c.o
[265/1420] Building C object externals/libressl/crypto/CMakeFiles/crypto_obj.dir/aes/aes_ctr.c.o
[266/1420] Building C object externals/libressl/crypto/CMakeFiles/crypto_obj.dir/aes/aes_ecb.c.o
[267/1420] Building C object externals/libressl/crypto/CMakeFiles/crypto_obj.dir/aes/aes_ige.c.o
[268/1420] Building C object externals/libressl/crypto/CMakeFiles/crypto_obj.dir/aes/aes_misc.c.o
[269/1420] Building C object externals/libressl/crypto/CMakeFiles/crypto_obj.dir/aes/aes_ofb.c.o
[270/1420] Building C object externals/libressl/crypto/CMakeFiles/crypto_obj.dir/aes/aes_wrap.c.o
[271/1420] Building C object externals/libressl/crypto/CMakeFiles/crypto_obj.dir/asn1/a_bitstr.c.o
[272/1420] Building C object externals/libressl/crypto/CMakeFiles/crypto_obj.dir/asn1/a_enum.c.o
[273/1420] Building C object externals/libressl/crypto/CMakeFiles/crypto_obj.dir/asn1/a_int.c.o
[274/1420] Building C object externals/libressl/crypto/CMakeFiles/crypto_obj.dir/asn1/a_mbstr.c.o
[275/1420] Building C object externals/libressl/crypto/CMakeFiles/crypto_obj.dir/asn1/a_octet.c.o
[276/1420] Building C object externals/libressl/crypto/CMakeFiles/crypto_obj.dir/asn1/a_object.c.o
[277/1420] Building C object externals/libressl/crypto/CMakeFiles/crypto_obj.dir/asn1/a_pkey.c.o
[278/1420] Building C object externals/libressl/crypto/CMakeFiles/crypto_obj.dir/asn1/a_print.c.o
[279/1420] Building C object externals/libressl/crypto/CMakeFiles/crypto_obj.dir/asn1/a_pubkey.c.o
[280/1420] Building C object externals/libressl/crypto/CMakeFiles/crypto_obj.dir/asn1/a_strex.c.o
[281/1420] Building C object externals/libressl/crypto/CMakeFiles/crypto_obj.dir/asn1/a_string.c.o
[282/1420] Building C object externals/libressl/crypto/CMakeFiles/crypto_obj.dir/asn1/a_strnid.c.o
[283/1420] Building C object externals/libressl/crypto/CMakeFiles/crypto_obj.dir/asn1/a_time.c.o
[284/1420] Building C object externals/libressl/crypto/CMakeFiles/crypto_obj.dir/asn1/a_time_posix.c.o
[285/1420] Building C object externals/libressl/crypto/CMakeFiles/crypto_obj.dir/asn1/a_time_tm.c.o
[286/1420] Building C object externals/libressl/crypto/CMakeFiles/crypto_obj.dir/asn1/a_type.c.o
[287/1420] Building C object externals/libressl/crypto/CMakeFiles/crypto_obj.dir/asn1/a_utf8.c.o
[288/1420] Building C object externals/libressl/crypto/CMakeFiles/crypto_obj.dir/asn1/ameth_lib.c.o
[289/1420] Building C object externals/libressl/crypto/CMakeFiles/crypto_obj.dir/asn1/asn1_err.c.o
[290/1420] Building C object externals/libressl/crypto/CMakeFiles/crypto_obj.dir/asn1/asn1_gen.c.o
[291/1420] Building C object externals/libressl/crypto/CMakeFiles/crypto_obj.dir/asn1/asn1_item.c.o
[292/1420] Building C object externals/libressl/crypto/CMakeFiles/crypto_obj.dir/asn1/asn1_lib.c.o
[293/1420] Building C object externals/libressl/crypto/CMakeFiles/crypto_obj.dir/asn1/asn1_old.c.o
[294/1420] Building C object externals/libressl/crypto/CMakeFiles/crypto_obj.dir/asn1/asn1_old_lib.c.o
[295/1420] Building C object externals/libressl/crypto/CMakeFiles/crypto_obj.dir/asn1/asn1_par.c.o
[296/1420] Building C object externals/libressl/crypto/CMakeFiles/crypto_obj.dir/asn1/asn1_types.c.o
[297/1420] Building C object externals/libressl/crypto/CMakeFiles/crypto_obj.dir/asn1/asn_mime.c.o
[298/1420] Building C object externals/libressl/crypto/CMakeFiles/crypto_obj.dir/asn1/asn_moid.c.o
[299/1420] Building C object externals/libressl/crypto/CMakeFiles/crypto_obj.dir/asn1/bio_asn1.c.o
[300/1420] Building C object externals/libressl/crypto/CMakeFiles/crypto_obj.dir/asn1/bio_ndef.c.o
[301/1420] Building C object externals/libressl/crypto/CMakeFiles/crypto_obj.dir/asn1/p5_pbe.c.o
[302/1420] Building C object externals/libressl/crypto/CMakeFiles/crypto_obj.dir/asn1/p5_pbev2.c.o
[303/1420] Building C object externals/libressl/crypto/CMakeFiles/crypto_obj.dir/asn1/p8_pkey.c.o
[304/1420] Building C object externals/libressl/crypto/CMakeFiles/crypto_obj.dir/asn1/t_crl.c.o
[305/1420] Building C object externals/libressl/crypto/CMakeFiles/crypto_obj.dir/asn1/t_pkey.c.o
[306/1420] Building C object externals/libressl/crypto/CMakeFiles/crypto_obj.dir/asn1/t_spki.c.o
[307/1420] Building C object externals/libressl/crypto/CMakeFiles/crypto_obj.dir/asn1/t_req.c.o
[308/1420] Building C object externals/libressl/crypto/CMakeFiles/crypto_obj.dir/asn1/t_x509.c.o
[309/1420] Building C object externals/libressl/crypto/CMakeFiles/crypto_obj.dir/asn1/t_x509a.c.o
[310/1420] Building C object externals/libressl/crypto/CMakeFiles/crypto_obj.dir/asn1/tasn_enc.c.o
[311/1420] Building C object externals/libressl/crypto/CMakeFiles/crypto_obj.dir/asn1/tasn_dec.c.o
[312/1420] Building C object externals/libressl/crypto/CMakeFiles/crypto_obj.dir/asn1/tasn_fre.c.o
[313/1420] Building C object externals/libressl/crypto/CMakeFiles/crypto_obj.dir/asn1/tasn_new.c.o
[314/1420] Building C object externals/libressl/crypto/CMakeFiles/crypto_obj.dir/asn1/tasn_typ.c.o
[315/1420] Building C object externals/libressl/crypto/CMakeFiles/crypto_obj.dir/asn1/tasn_prn.c.o
[316/1420] Building C object externals/libressl/crypto/CMakeFiles/crypto_obj.dir/asn1/tasn_utl.c.o
[317/1420] Building C object externals/libressl/crypto/CMakeFiles/crypto_obj.dir/asn1/x_algor.c.o
[318/1420] Building C object externals/libressl/crypto/CMakeFiles/crypto_obj.dir/asn1/x_attrib.c.o
[319/1420] Building C object externals/libressl/crypto/CMakeFiles/crypto_obj.dir/asn1/x_bignum.c.o
[320/1420] Building C object externals/libressl/crypto/CMakeFiles/crypto_obj.dir/asn1/x_crl.c.o
[321/1420] Building C object externals/libressl/crypto/CMakeFiles/crypto_obj.dir/asn1/x_exten.c.o
[322/1420] Building C object externals/libressl/crypto/CMakeFiles/crypto_obj.dir/asn1/x_info.c.o
[323/1420] Building C object externals/libressl/crypto/CMakeFiles/crypto_obj.dir/asn1/x_long.c.o
[324/1420] Building C object externals/libressl/crypto/CMakeFiles/crypto_obj.dir/asn1/x_name.c.o
[325/1420] Building C object externals/libressl/crypto/CMakeFiles/crypto_obj.dir/asn1/x_pkey.c.o
[326/1420] Building C object externals/libressl/crypto/CMakeFiles/crypto_obj.dir/asn1/x_pubkey.c.o
[327/1420] Building C object externals/libressl/crypto/CMakeFiles/crypto_obj.dir/asn1/x_req.c.o
[328/1420] Building C object externals/libressl/crypto/CMakeFiles/crypto_obj.dir/asn1/x_sig.c.o
[329/1420] Building C object externals/libressl/crypto/CMakeFiles/crypto_obj.dir/asn1/x_spki.c.o
[330/1420] Building C object externals/libressl/crypto/CMakeFiles/crypto_obj.dir/asn1/x_val.c.o
[331/1420] Building C object externals/libressl/crypto/CMakeFiles/crypto_obj.dir/asn1/x_x509.c.o
[332/1420] Building C object externals/libressl/crypto/CMakeFiles/crypto_obj.dir/asn1/x_x509a.c.o
[333/1420] Building C object externals/libressl/crypto/CMakeFiles/crypto_obj.dir/bf/bf_cfb64.c.o
[334/1420] Building C object externals/libressl/crypto/CMakeFiles/crypto_obj.dir/bf/bf_ecb.c.o
[335/1420] Building C object externals/libressl/crypto/CMakeFiles/crypto_obj.dir/bf/bf_ofb64.c.o
[336/1420] Building C object externals/libressl/crypto/CMakeFiles/crypto_obj.dir/bf/bf_enc.c.o
[337/1420] Building C object externals/libressl/crypto/CMakeFiles/crypto_obj.dir/bf/bf_skey.c.o
[338/1420] Building C object externals/libressl/crypto/CMakeFiles/crypto_obj.dir/bio/b_dump.c.o
[339/1420] Building C object externals/libressl/crypto/CMakeFiles/crypto_obj.dir/bio/b_print.c.o
[340/1420] Building C object externals/libressl/crypto/CMakeFiles/crypto_obj.dir/bio/b_sock.c.o
[341/1420] Building C object externals/libressl/crypto/CMakeFiles/crypto_obj.dir/bio/bf_buff.c.o
[342/1420] Building C object externals/libressl/crypto/CMakeFiles/crypto_obj.dir/bio/bf_nbio.c.o
[343/1420] Building C object externals/libressl/crypto/CMakeFiles/crypto_obj.dir/bio/bf_null.c.o
[344/1420] Building C object externals/libressl/crypto/CMakeFiles/crypto_obj.dir/bio/bio_cb.c.o
[345/1420] Building C object externals/libressl/crypto/CMakeFiles/crypto_obj.dir/bio/bio_err.c.o
[346/1420] Building C object externals/libressl/crypto/CMakeFiles/crypto_obj.dir/bio/bio_lib.c.o
[347/1420] Building C object externals/libressl/crypto/CMakeFiles/crypto_obj.dir/bio/bio_meth.c.o
[348/1420] Building C object externals/libressl/crypto/CMakeFiles/crypto_obj.dir/bio/bss_acpt.c.o
[349/1420] Building C object externals/libressl/crypto/CMakeFiles/crypto_obj.dir/bio/bss_bio.c.o
[350/1420] Building C object externals/libressl/crypto/CMakeFiles/crypto_obj.dir/bio/bss_conn.c.o
[351/1420] Building C object externals/libressl/crypto/CMakeFiles/crypto_obj.dir/bio/bss_dgram.c.o
[352/1420] Building C object externals/libressl/crypto/CMakeFiles/crypto_obj.dir/bio/bss_fd.c.o
[353/1420] Building C object externals/libressl/crypto/CMakeFiles/crypto_obj.dir/bio/bss_file.c.o
[354/1420] Building C object externals/libressl/crypto/CMakeFiles/crypto_obj.dir/bio/bss_mem.c.o
[355/1420] Building C object externals/libressl/crypto/CMakeFiles/crypto_obj.dir/bio/bss_null.c.o
[356/1420] Building C object externals/libressl/crypto/CMakeFiles/crypto_obj.dir/bio/bss_sock.c.o
[357/1420] Building C object externals/libressl/crypto/CMakeFiles/crypto_obj.dir/bn/bn_add.c.o
[358/1420] Building C object externals/libressl/crypto/CMakeFiles/crypto_obj.dir/bn/bn_blind.c.o
[359/1420] Building C object externals/libressl/crypto/CMakeFiles/crypto_obj.dir/bn/bn_bpsw.c.o
[360/1420] Building C object externals/libressl/crypto/CMakeFiles/crypto_obj.dir/bn/bn_const.c.o
[361/1420] Building C object externals/libressl/crypto/CMakeFiles/crypto_obj.dir/bn/bn_convert.c.o
[362/1420] Building C object externals/libressl/crypto/CMakeFiles/crypto_obj.dir/bn/bn_ctx.c.o
[363/1420] Building C object externals/libressl/crypto/CMakeFiles/crypto_obj.dir/bn/bn_div.c.o
[364/1420] Building C object externals/libressl/crypto/CMakeFiles/crypto_obj.dir/bn/bn_err.c.o
[365/1420] Building C object externals/libressl/crypto/CMakeFiles/crypto_obj.dir/bn/bn_gcd.c.o
[366/1420] Building C object externals/libressl/crypto/CMakeFiles/crypto_obj.dir/bn/bn_kron.c.o
[367/1420] Building C object externals/libressl/crypto/CMakeFiles/crypto_obj.dir/bn/bn_isqrt.c.o
[368/1420] Building C object externals/libressl/crypto/CMakeFiles/crypto_obj.dir/bn/bn_exp.c.o
[369/1420] Building C object externals/libressl/crypto/CMakeFiles/crypto_obj.dir/bn/bn_mod.c.o
[370/1420] Building C object externals/libressl/crypto/CMakeFiles/crypto_obj.dir/bn/bn_mod_sqrt.c.o
[371/1420] Building C object externals/libressl/crypto/CMakeFiles/crypto_obj.dir/bn/bn_lib.c.o
[372/1420] Building C object externals/libressl/crypto/CMakeFiles/crypto_obj.dir/bn/bn_mont.c.o
[373/1420] Building C object externals/libressl/crypto/CMakeFiles/crypto_obj.dir/bn/bn_prime.c.o
[374/1420] Building C object externals/libressl/crypto/CMakeFiles/crypto_obj.dir/bn/bn_rand.c.o
[375/1420] Building C object externals/libressl/crypto/CMakeFiles/crypto_obj.dir/bn/bn_recp.c.o
[376/1420] Building C object externals/libressl/crypto/CMakeFiles/crypto_obj.dir/bn/bn_mul.c.o
[377/1420] Building C object externals/libressl/crypto/CMakeFiles/crypto_obj.dir/bn/bn_small_primes.c.o
[378/1420] Building C object externals/libressl/crypto/CMakeFiles/crypto_obj.dir/bn/bn_shift.c.o
[379/1420] Building C object externals/libressl/crypto/CMakeFiles/crypto_obj.dir/bn/bn_word.c.o
[380/1420] Building C object externals/libressl/crypto/CMakeFiles/crypto_obj.dir/bn/bn_sqr.c.o
[381/1420] Building C object externals/libressl/crypto/CMakeFiles/crypto_obj.dir/buffer/buf_err.c.o
[382/1420] Building C object externals/libressl/crypto/CMakeFiles/crypto_obj.dir/buffer/buf_str.c.o
[383/1420] Building C object externals/libressl/crypto/CMakeFiles/crypto_obj.dir/buffer/buffer.c.o
[384/1420] Building C object externals/libressl/crypto/CMakeFiles/crypto_obj.dir/bytestring/bs_ber.c.o
[385/1420] Building C object externals/libressl/crypto/CMakeFiles/crypto_obj.dir/bytestring/bs_cbb.c.o
[386/1420] Building C object externals/libressl/crypto/CMakeFiles/crypto_obj.dir/camellia/cmll_cfb.c.o
[387/1420] Building C object externals/libressl/crypto/CMakeFiles/crypto_obj.dir/bytestring/bs_cbs.c.o
[388/1420] Building C object externals/libressl/crypto/CMakeFiles/crypto_obj.dir/camellia/cmll_ctr.c.o
[389/1420] Building C object externals/libressl/crypto/CMakeFiles/crypto_obj.dir/camellia/cmll_ecb.c.o
[390/1420] Building C object externals/libressl/crypto/CMakeFiles/crypto_obj.dir/camellia/cmll_ofb.c.o
[391/1420] Building C object externals/libressl/crypto/CMakeFiles/crypto_obj.dir/camellia/cmll_misc.c.o
[392/1420] Building C object externals/libressl/crypto/CMakeFiles/crypto_obj.dir/cast/c_cfb64.c.o
[393/1420] Building C object externals/libressl/crypto/CMakeFiles/crypto_obj.dir/cast/c_ecb.c.o
[394/1420] Building C object externals/libressl/crypto/CMakeFiles/crypto_obj.dir/cast/c_ofb64.c.o
[395/1420] Building C object externals/libressl/crypto/CMakeFiles/crypto_obj.dir/cast/c_enc.c.o
[396/1420] Building C object externals/libressl/crypto/CMakeFiles/crypto_obj.dir/cast/c_skey.c.o
[397/1420] Building C object externals/libressl/crypto/CMakeFiles/crypto_obj.dir/chacha/chacha.c.o
[398/1420] Building C object externals/libressl/crypto/CMakeFiles/crypto_obj.dir/cmac/cm_ameth.c.o
[399/1420] Building C object externals/libressl/crypto/CMakeFiles/crypto_obj.dir/cmac/cm_pmeth.c.o
[400/1420] Building C object externals/libressl/crypto/CMakeFiles/crypto_obj.dir/cmac/cmac.c.o
[401/1420] Building C object externals/libressl/crypto/CMakeFiles/crypto_obj.dir/cms/cms_asn1.c.o
[402/1420] Building C object externals/libressl/crypto/CMakeFiles/crypto_obj.dir/cms/cms_att.c.o
[403/1420] Building C object externals/libressl/crypto/CMakeFiles/crypto_obj.dir/cms/cms_cd.c.o
[404/1420] Building C object externals/libressl/crypto/CMakeFiles/crypto_obj.dir/cms/cms_dd.c.o
[405/1420] Building C object externals/libressl/crypto/CMakeFiles/crypto_obj.dir/cms/cms_enc.c.o
[406/1420] Building C object externals/libressl/crypto/CMakeFiles/crypto_obj.dir/cms/cms_err.c.o
[407/1420] Building C object externals/libressl/crypto/CMakeFiles/crypto_obj.dir/cms/cms_env.c.o
[408/1420] Building C object externals/libressl/crypto/CMakeFiles/crypto_obj.dir/cms/cms_ess.c.o
[409/1420] Building C object externals/libressl/crypto/CMakeFiles/crypto_obj.dir/cms/cms_io.c.o
[410/1420] Building C object externals/libressl/crypto/CMakeFiles/crypto_obj.dir/cms/cms_kari.c.o
[411/1420] Building C object externals/libressl/crypto/CMakeFiles/crypto_obj.dir/cms/cms_lib.c.o
[412/1420] Building C object externals/libressl/crypto/CMakeFiles/crypto_obj.dir/cms/cms_pwri.c.o
[413/1420] Building C object externals/libressl/crypto/CMakeFiles/crypto_obj.dir/cms/cms_sd.c.o
[414/1420] Building C object externals/libressl/crypto/CMakeFiles/crypto_obj.dir/comp/c_rle.c.o
[415/1420] Building C object externals/libressl/crypto/CMakeFiles/crypto_obj.dir/cms/cms_smime.c.o
[416/1420] Building C object externals/libressl/crypto/CMakeFiles/crypto_obj.dir/comp/c_zlib.c.o
[417/1420] Building C object externals/libressl/crypto/CMakeFiles/crypto_obj.dir/comp/comp_err.c.o
[418/1420] Building C object externals/libressl/crypto/CMakeFiles/crypto_obj.dir/comp/comp_lib.c.o
[419/1420] Building C object externals/libressl/crypto/CMakeFiles/crypto_obj.dir/conf/conf_api.c.o
[420/1420] Building C object externals/libressl/crypto/CMakeFiles/crypto_obj.dir/conf/conf_def.c.o
[421/1420] Building C object externals/libressl/crypto/CMakeFiles/crypto_obj.dir/conf/conf_err.c.o
[422/1420] Building C object externals/libressl/crypto/CMakeFiles/crypto_obj.dir/conf/conf_lib.c.o
[423/1420] Building C object externals/libressl/crypto/CMakeFiles/crypto_obj.dir/conf/conf_mall.c.o
[424/1420] Building C object externals/libressl/crypto/CMakeFiles/crypto_obj.dir/conf/conf_mod.c.o
[425/1420] Building C object externals/libressl/crypto/CMakeFiles/crypto_obj.dir/conf/conf_sap.c.o
[426/1420] Building C object externals/libressl/crypto/CMakeFiles/crypto_obj.dir/ct/ct_b64.c.o
[427/1420] Building C object externals/libressl/crypto/CMakeFiles/crypto_obj.dir/ct/ct_err.c.o
[428/1420] Building C object externals/libressl/crypto/CMakeFiles/crypto_obj.dir/ct/ct_log.c.o
[429/1420] Building C object externals/libressl/crypto/CMakeFiles/crypto_obj.dir/ct/ct_oct.c.o
[430/1420] Building C object externals/libressl/crypto/CMakeFiles/crypto_obj.dir/ct/ct_policy.c.o
[431/1420] Building C object externals/libressl/crypto/CMakeFiles/crypto_obj.dir/ct/ct_prn.c.o
[432/1420] Building C object externals/libressl/crypto/CMakeFiles/crypto_obj.dir/ct/ct_sct.c.o
[433/1420] Building C object externals/libressl/crypto/CMakeFiles/crypto_obj.dir/ct/ct_sct_ctx.c.o
[434/1420] Building C object externals/libressl/crypto/CMakeFiles/crypto_obj.dir/ct/ct_vfy.c.o
[435/1420] Building C object externals/libressl/crypto/CMakeFiles/crypto_obj.dir/ct/ct_x509v3.c.o
[436/1420] Building C object externals/libressl/crypto/CMakeFiles/crypto_obj.dir/curve25519/curve25519-generic.c.o
[437/1420] Building C object externals/libressl/crypto/CMakeFiles/crypto_obj.dir/des/cbc_cksm.c.o
[438/1420] Building C object externals/libressl/crypto/CMakeFiles/crypto_obj.dir/des/cbc_enc.c.o
[439/1420] Building C object externals/libressl/crypto/CMakeFiles/crypto_obj.dir/des/cfb64ede.c.o
[440/1420] Building C object externals/libressl/crypto/CMakeFiles/crypto_obj.dir/des/cfb64enc.c.o
[441/1420] Building C object externals/libressl/crypto/CMakeFiles/crypto_obj.dir/des/cfb_enc.c.o
[442/1420] Building C object externals/libressl/crypto/CMakeFiles/crypto_obj.dir/des/des_enc.c.o
[443/1420] Building C object externals/libressl/crypto/CMakeFiles/crypto_obj.dir/des/ecb3_enc.c.o
[444/1420] Building C object externals/libressl/crypto/CMakeFiles/crypto_obj.dir/des/ecb_enc.c.o
[445/1420] Building C object externals/libressl/crypto/CMakeFiles/crypto_obj.dir/curve25519/curve25519.c.o
[446/1420] Building C object externals/libressl/crypto/CMakeFiles/crypto_obj.dir/des/ede_cbcm_enc.c.o
[447/1420] Building C object externals/libressl/crypto/CMakeFiles/crypto_obj.dir/des/enc_read.c.o
[448/1420] Building C object externals/libressl/crypto/CMakeFiles/crypto_obj.dir/des/enc_writ.c.o
[449/1420] Building C object externals/libressl/crypto/CMakeFiles/crypto_obj.dir/des/fcrypt.c.o
[450/1420] Building C object externals/libressl/crypto/CMakeFiles/crypto_obj.dir/des/ofb64ede.c.o
[451/1420] Building C object externals/libressl/crypto/CMakeFiles/crypto_obj.dir/des/ofb64enc.c.o
[452/1420] Building C object externals/libressl/crypto/CMakeFiles/crypto_obj.dir/des/fcrypt_b.c.o
[453/1420] Building C object externals/libressl/crypto/CMakeFiles/crypto_obj.dir/des/ofb_enc.c.o
[454/1420] Building C object externals/libressl/crypto/CMakeFiles/crypto_obj.dir/des/pcbc_enc.c.o
[455/1420] Building C object externals/libressl/crypto/CMakeFiles/crypto_obj.dir/des/rand_key.c.o
[456/1420] Building C object externals/libressl/crypto/CMakeFiles/crypto_obj.dir/des/qud_cksm.c.o
[457/1420] Building C object externals/libressl/crypto/CMakeFiles/crypto_obj.dir/des/set_key.c.o
[458/1420] Building C object externals/libressl/crypto/CMakeFiles/crypto_obj.dir/des/str2key.c.o
[459/1420] Building C object externals/libressl/crypto/CMakeFiles/crypto_obj.dir/des/xcbc_enc.c.o
[460/1420] Building C object externals/libressl/crypto/CMakeFiles/crypto_obj.dir/dh/dh_ameth.c.o
[461/1420] Building C object externals/libressl/crypto/CMakeFiles/crypto_obj.dir/dh/dh_asn1.c.o
[462/1420] Building C object externals/libressl/crypto/CMakeFiles/crypto_obj.dir/dh/dh_check.c.o
[463/1420] Building C object externals/libressl/crypto/CMakeFiles/crypto_obj.dir/dh/dh_err.c.o
[464/1420] Building C object externals/libressl/crypto/CMakeFiles/crypto_obj.dir/dh/dh_gen.c.o
[465/1420] Building C object externals/libressl/crypto/CMakeFiles/crypto_obj.dir/dh/dh_key.c.o
[466/1420] Building C object externals/libressl/crypto/CMakeFiles/crypto_obj.dir/dh/dh_lib.c.o
[467/1420] Building C object externals/libressl/crypto/CMakeFiles/crypto_obj.dir/dh/dh_pmeth.c.o
[468/1420] Building C object externals/libressl/crypto/CMakeFiles/crypto_obj.dir/dsa/dsa_ameth.c.o
[469/1420] Building C object externals/libressl/crypto/CMakeFiles/crypto_obj.dir/dsa/dsa_asn1.c.o
[470/1420] Building C object externals/libressl/crypto/CMakeFiles/crypto_obj.dir/dsa/dsa_err.c.o
[471/1420] Building C object externals/libressl/crypto/CMakeFiles/crypto_obj.dir/dsa/dsa_gen.c.o
[472/1420] Building C object externals/libressl/crypto/CMakeFiles/crypto_obj.dir/dsa/dsa_key.c.o
[473/1420] Building C object externals/libressl/crypto/CMakeFiles/crypto_obj.dir/dsa/dsa_lib.c.o
[474/1420] Building C object externals/libressl/crypto/CMakeFiles/crypto_obj.dir/dsa/dsa_meth.c.o
[475/1420] Building C object externals/libressl/crypto/CMakeFiles/crypto_obj.dir/dsa/dsa_ossl.c.o
[476/1420] Building C object externals/libressl/crypto/CMakeFiles/crypto_obj.dir/dsa/dsa_pmeth.c.o
[477/1420] Building C object externals/libressl/crypto/CMakeFiles/crypto_obj.dir/dsa/dsa_prn.c.o
[478/1420] Building C object externals/libressl/crypto/CMakeFiles/crypto_obj.dir/dso/dso_dlfcn.c.o
[479/1420] Building C object externals/libressl/crypto/CMakeFiles/crypto_obj.dir/dso/dso_err.c.o
[480/1420] Building C object externals/libressl/crypto/CMakeFiles/crypto_obj.dir/dso/dso_lib.c.o
[481/1420] Building C object externals/libressl/crypto/CMakeFiles/crypto_obj.dir/dso/dso_null.c.o
[482/1420] Building C object externals/libressl/crypto/CMakeFiles/crypto_obj.dir/dso/dso_openssl.c.o
[483/1420] Building C object externals/libressl/crypto/CMakeFiles/crypto_obj.dir/ec/ec_ameth.c.o
[484/1420] Building C object externals/libressl/crypto/CMakeFiles/crypto_obj.dir/ec/ec_asn1.c.o
[485/1420] Building C object externals/libressl/crypto/CMakeFiles/crypto_obj.dir/ec/ec_check.c.o
[486/1420] Building C object externals/libressl/crypto/CMakeFiles/crypto_obj.dir/ec/ec_curve.c.o
[487/1420] Building C object externals/libressl/crypto/CMakeFiles/crypto_obj.dir/ec/ec_cvt.c.o
[488/1420] Building C object externals/libressl/crypto/CMakeFiles/crypto_obj.dir/ec/ec_err.c.o
[489/1420] Building C object externals/libressl/crypto/CMakeFiles/crypto_obj.dir/ec/ec_key.c.o
[490/1420] Building C object externals/libressl/crypto/CMakeFiles/crypto_obj.dir/ec/ec_kmeth.c.o
[491/1420] Building C object externals/libressl/crypto/CMakeFiles/crypto_obj.dir/ec/ec_lib.c.o
[492/1420] Building C object externals/libressl/crypto/CMakeFiles/crypto_obj.dir/ec/ec_mult.c.o
[493/1420] Building C object externals/libressl/crypto/CMakeFiles/crypto_obj.dir/ec/ec_oct.c.o
[494/1420] Building C object externals/libressl/crypto/CMakeFiles/crypto_obj.dir/ec/ec_pmeth.c.o
[495/1420] Building C object externals/libressl/crypto/CMakeFiles/crypto_obj.dir/ec/ec_print.c.o
[496/1420] Building C object externals/libressl/crypto/CMakeFiles/crypto_obj.dir/ec/eck_prn.c.o
[497/1420] Building C object externals/libressl/crypto/CMakeFiles/crypto_obj.dir/ec/ecp_mont.c.o
[498/1420] Building C object externals/libressl/crypto/CMakeFiles/crypto_obj.dir/ec/ecp_oct.c.o
[499/1420] Building C object externals/libressl/crypto/CMakeFiles/crypto_obj.dir/ec/ecp_smpl.c.o
[500/1420] Building C object externals/libressl/crypto/CMakeFiles/crypto_obj.dir/ecdh/ecdh_kdf.c.o
[501/1420] Building C object externals/libressl/crypto/CMakeFiles/crypto_obj.dir/ec/ecx_methods.c.o
[502/1420] Building C object externals/libressl/crypto/CMakeFiles/crypto_obj.dir/ecdh/ech_err.c.o
[503/1420] Building C object externals/libressl/crypto/CMakeFiles/crypto_obj.dir/ecdh/ech_key.c.o
[504/1420] Building C object externals/libressl/crypto/CMakeFiles/crypto_obj.dir/ecdsa/ecs_asn1.c.o
[505/1420] Building C object externals/libressl/crypto/CMakeFiles/crypto_obj.dir/ecdh/ech_lib.c.o
[506/1420] Building C object externals/libressl/crypto/CMakeFiles/crypto_obj.dir/ecdsa/ecs_err.c.o
[507/1420] Building C object externals/libressl/crypto/CMakeFiles/crypto_obj.dir/ecdsa/ecs_lib.c.o
[508/1420] Building C object externals/libressl/crypto/CMakeFiles/crypto_obj.dir/engine/eng_all.c.o
[509/1420] Building C object externals/libressl/crypto/CMakeFiles/crypto_obj.dir/ecdsa/ecs_ossl.c.o
[510/1420] Building C object externals/libressl/crypto/CMakeFiles/crypto_obj.dir/engine/eng_cnf.c.o
[511/1420] Building C object externals/libressl/crypto/CMakeFiles/crypto_obj.dir/engine/eng_ctrl.c.o
[512/1420] Building C object externals/libressl/crypto/CMakeFiles/crypto_obj.dir/engine/eng_dyn.c.o
[513/1420] Building C object externals/libressl/crypto/CMakeFiles/crypto_obj.dir/engine/eng_err.c.o
[514/1420] Building C object externals/libressl/crypto/CMakeFiles/crypto_obj.dir/engine/eng_fat.c.o
[515/1420] Building C object externals/libressl/crypto/CMakeFiles/crypto_obj.dir/engine/eng_init.c.o
[516/1420] Building C object externals/libressl/crypto/CMakeFiles/crypto_obj.dir/engine/eng_lib.c.o
[517/1420] Building C object externals/libressl/crypto/CMakeFiles/crypto_obj.dir/engine/eng_list.c.o
[518/1420] Building C object externals/libressl/crypto/CMakeFiles/crypto_obj.dir/engine/eng_openssl.c.o
[519/1420] Building C object externals/libressl/crypto/CMakeFiles/crypto_obj.dir/engine/eng_pkey.c.o
[520/1420] Building C object externals/libressl/crypto/CMakeFiles/crypto_obj.dir/engine/eng_table.c.o
[521/1420] Building C object externals/libressl/crypto/CMakeFiles/crypto_obj.dir/engine/tb_asnmth.c.o
[522/1420] Building C object externals/libressl/crypto/CMakeFiles/crypto_obj.dir/engine/tb_cipher.c.o
[523/1420] Building C object externals/libressl/crypto/CMakeFiles/crypto_obj.dir/engine/tb_dh.c.o
[524/1420] Building C object externals/libressl/crypto/CMakeFiles/crypto_obj.dir/engine/tb_digest.c.o
[525/1420] Building C object externals/libressl/crypto/CMakeFiles/crypto_obj.dir/engine/tb_dsa.c.o
[526/1420] Building C object externals/libressl/crypto/CMakeFiles/crypto_obj.dir/engine/tb_ecdh.c.o
[527/1420] Building C object externals/libressl/crypto/CMakeFiles/crypto_obj.dir/engine/tb_ecdsa.c.o
[528/1420] Building C object externals/libressl/crypto/CMakeFiles/crypto_obj.dir/engine/tb_eckey.c.o
[529/1420] Building C object externals/libressl/crypto/CMakeFiles/crypto_obj.dir/engine/tb_pkmeth.c.o
[530/1420] Building C object externals/libressl/crypto/CMakeFiles/crypto_obj.dir/engine/tb_rand.c.o
[531/1420] Building C object externals/libressl/crypto/CMakeFiles/crypto_obj.dir/engine/tb_rsa.c.o
[532/1420] Building C object externals/libressl/crypto/CMakeFiles/crypto_obj.dir/engine/tb_store.c.o
[533/1420] Building C object externals/libressl/crypto/CMakeFiles/crypto_obj.dir/err/err.c.o
[534/1420] Building C object externals/libressl/crypto/CMakeFiles/crypto_obj.dir/err/err_all.c.o
[535/1420] Building C object externals/libressl/crypto/CMakeFiles/crypto_obj.dir/err/err_prn.c.o
[536/1420] Building C object externals/libressl/crypto/CMakeFiles/crypto_obj.dir/evp/bio_b64.c.o
[537/1420] Building C object externals/libressl/crypto/CMakeFiles/crypto_obj.dir/evp/bio_enc.c.o
[538/1420] Building C object externals/libressl/crypto/CMakeFiles/crypto_obj.dir/evp/bio_md.c.o
[539/1420] Building C object externals/libressl/crypto/CMakeFiles/crypto_obj.dir/evp/c_all.c.o
[540/1420] Building C object externals/libressl/crypto/CMakeFiles/crypto_obj.dir/evp/cipher_method_lib.c.o
[541/1420] Building C object externals/libressl/crypto/CMakeFiles/crypto_obj.dir/evp/digest.c.o
[542/1420] Building C object externals/libressl/crypto/CMakeFiles/crypto_obj.dir/evp/e_aes.c.o
[543/1420] Building C object externals/libressl/crypto/CMakeFiles/crypto_obj.dir/evp/e_aes_cbc_hmac_sha1.c.o
[544/1420] Building C object externals/libressl/crypto/CMakeFiles/crypto_obj.dir/evp/e_bf.c.o
[545/1420] Building C object externals/libressl/crypto/CMakeFiles/crypto_obj.dir/evp/e_camellia.c.o
[546/1420] Building C object externals/libressl/crypto/CMakeFiles/crypto_obj.dir/evp/e_cast.c.o
[547/1420] Building C object externals/libressl/crypto/CMakeFiles/crypto_obj.dir/evp/e_chacha.c.o
[548/1420] Building C object externals/libressl/crypto/CMakeFiles/crypto_obj.dir/evp/e_chacha20poly1305.c.o
[549/1420] Building C object externals/libressl/crypto/CMakeFiles/crypto_obj.dir/evp/e_des.c.o
[550/1420] Building C object externals/libressl/crypto/CMakeFiles/crypto_obj.dir/evp/e_des3.c.o
[551/1420] Building C object externals/libressl/crypto/CMakeFiles/crypto_obj.dir/evp/e_gost2814789.c.o
[552/1420] Building C object externals/libressl/crypto/CMakeFiles/crypto_obj.dir/evp/e_idea.c.o
[553/1420] Building C object externals/libressl/crypto/CMakeFiles/crypto_obj.dir/evp/e_null.c.o
[554/1420] Building C object externals/libressl/crypto/CMakeFiles/crypto_obj.dir/evp/e_rc2.c.o
[555/1420] Building C object externals/libressl/crypto/CMakeFiles/crypto_obj.dir/evp/e_rc4.c.o
[556/1420] Building C object externals/libressl/crypto/CMakeFiles/crypto_obj.dir/evp/e_rc4_hmac_md5.c.o
[557/1420] Building C object externals/libressl/crypto/CMakeFiles/crypto_obj.dir/evp/e_sm4.c.o
[558/1420] Building C object externals/libressl/crypto/CMakeFiles/crypto_obj.dir/evp/e_xcbc_d.c.o
[559/1420] Building C object externals/libressl/crypto/CMakeFiles/crypto_obj.dir/evp/encode.c.o
[560/1420] Building C object externals/libressl/crypto/CMakeFiles/crypto_obj.dir/evp/evp_aead.c.o
[561/1420] Building C object externals/libressl/crypto/CMakeFiles/crypto_obj.dir/evp/evp_err.c.o
[562/1420] Building C object externals/libressl/crypto/CMakeFiles/crypto_obj.dir/evp/evp_enc.c.o
[563/1420] Building C object externals/libressl/crypto/CMakeFiles/crypto_obj.dir/evp/evp_key.c.o
[564/1420] Building C object externals/libressl/crypto/CMakeFiles/crypto_obj.dir/evp/evp_lib.c.o
[565/1420] Building C object externals/libressl/crypto/CMakeFiles/crypto_obj.dir/evp/evp_pbe.c.o
[566/1420] Building C object externals/libressl/crypto/CMakeFiles/crypto_obj.dir/evp/evp_pkey.c.o
[567/1420] Building C object externals/libressl/crypto/CMakeFiles/crypto_obj.dir/evp/m_gost2814789.c.o
[568/1420] Building C object externals/libressl/crypto/CMakeFiles/crypto_obj.dir/evp/m_gostr341194.c.o
[569/1420] Building C object externals/libressl/crypto/CMakeFiles/crypto_obj.dir/evp/m_md4.c.o
[570/1420] Building C object externals/libressl/crypto/CMakeFiles/crypto_obj.dir/evp/m_md5.c.o
[571/1420] Building C object externals/libressl/crypto/CMakeFiles/crypto_obj.dir/evp/m_md5_sha1.c.o
[572/1420] Building C object externals/libressl/crypto/CMakeFiles/crypto_obj.dir/evp/m_null.c.o
[573/1420] Building C object externals/libressl/crypto/CMakeFiles/crypto_obj.dir/evp/m_ripemd.c.o
[574/1420] Building C object externals/libressl/crypto/CMakeFiles/crypto_obj.dir/evp/m_sha1.c.o
[575/1420] Building C object externals/libressl/crypto/CMakeFiles/crypto_obj.dir/evp/m_sha3.c.o
[576/1420] Building C object externals/libressl/crypto/CMakeFiles/crypto_obj.dir/evp/m_sigver.c.o
[577/1420] Building C object externals/libressl/crypto/CMakeFiles/crypto_obj.dir/evp/m_streebog.c.o
[578/1420] Building C object externals/libressl/crypto/CMakeFiles/crypto_obj.dir/evp/m_sm3.c.o
[579/1420] Building C object externals/libressl/crypto/CMakeFiles/crypto_obj.dir/evp/m_wp.c.o
[580/1420] Building C object externals/libressl/crypto/CMakeFiles/crypto_obj.dir/evp/names.c.o
[581/1420] Building C object externals/libressl/crypto/CMakeFiles/crypto_obj.dir/evp/p5_crpt.c.o
[582/1420] Building C object externals/libressl/crypto/CMakeFiles/crypto_obj.dir/evp/p5_crpt2.c.o
[583/1420] Building C object externals/libressl/crypto/CMakeFiles/crypto_obj.dir/evp/p_dec.c.o
[584/1420] Building C object externals/libressl/crypto/CMakeFiles/crypto_obj.dir/evp/p_enc.c.o
[585/1420] Building C object externals/libressl/crypto/CMakeFiles/crypto_obj.dir/evp/p_lib.c.o
[586/1420] Building C object externals/libressl/crypto/CMakeFiles/crypto_obj.dir/evp/p_open.c.o
[587/1420] Building C object externals/libressl/crypto/CMakeFiles/crypto_obj.dir/evp/p_seal.c.o
[588/1420] Building C object externals/libressl/crypto/CMakeFiles/crypto_obj.dir/evp/p_sign.c.o
[589/1420] Building C object externals/libressl/crypto/CMakeFiles/crypto_obj.dir/evp/p_verify.c.o
[590/1420] Building C object externals/libressl/crypto/CMakeFiles/crypto_obj.dir/evp/pmeth_fn.c.o
[591/1420] Building C object externals/libressl/crypto/CMakeFiles/crypto_obj.dir/evp/pmeth_gn.c.o
[592/1420] Building C object externals/libressl/crypto/CMakeFiles/crypto_obj.dir/evp/pmeth_lib.c.o
[593/1420] Building C object externals/libressl/crypto/CMakeFiles/crypto_obj.dir/gost/gost89_keywrap.c.o
[594/1420] Building C object externals/libressl/crypto/CMakeFiles/crypto_obj.dir/gost/gost89_params.c.o
[595/1420] Building C object externals/libressl/crypto/CMakeFiles/crypto_obj.dir/gost/gost2814789.c.o
[596/1420] Building C object externals/libressl/crypto/CMakeFiles/crypto_obj.dir/gost/gost89imit_ameth.c.o
[597/1420] Building C object externals/libressl/crypto/CMakeFiles/crypto_obj.dir/gost/gost_asn1.c.o
[598/1420] Building C object externals/libressl/crypto/CMakeFiles/crypto_obj.dir/gost/gost89imit_pmeth.c.o
[599/1420] Building C object externals/libressl/crypto/CMakeFiles/crypto_obj.dir/gost/gost_err.c.o
[600/1420] Building C object externals/libressl/crypto/CMakeFiles/crypto_obj.dir/gost/gostr341001.c.o
[601/1420] Building C object externals/libressl/crypto/CMakeFiles/crypto_obj.dir/gost/gostr341001_key.c.o
[602/1420] Building C object externals/libressl/crypto/CMakeFiles/crypto_obj.dir/gost/gostr341001_ameth.c.o
[603/1420] Building C object externals/libressl/crypto/CMakeFiles/crypto_obj.dir/gost/gostr341001_params.c.o
[604/1420] Building C object externals/libressl/crypto/CMakeFiles/crypto_obj.dir/gost/gostr341001_pmeth.c.o
[605/1420] Building C object externals/libressl/crypto/CMakeFiles/crypto_obj.dir/hkdf/hkdf.c.o
[606/1420] Building C object externals/libressl/crypto/CMakeFiles/crypto_obj.dir/gost/streebog.c.o
[607/1420] Building C object externals/libressl/crypto/CMakeFiles/crypto_obj.dir/gost/gostr341194.c.o
[608/1420] Building C object externals/libressl/crypto/CMakeFiles/crypto_obj.dir/hmac/hm_ameth.c.o
[609/1420] Building C object externals/libressl/crypto/CMakeFiles/crypto_obj.dir/hmac/hmac.c.o
[610/1420] Building C object externals/libressl/crypto/CMakeFiles/crypto_obj.dir/hmac/hm_pmeth.c.o
[611/1420] Building C object externals/libressl/crypto/CMakeFiles/crypto_obj.dir/idea/i_cbc.c.o
[612/1420] Building C object externals/libressl/crypto/CMakeFiles/crypto_obj.dir/idea/i_cfb64.c.o
[613/1420] Building C object externals/libressl/crypto/CMakeFiles/crypto_obj.dir/idea/i_ecb.c.o
[614/1420] Building C object externals/libressl/crypto/CMakeFiles/crypto_obj.dir/idea/i_ofb64.c.o
[615/1420] Building C object externals/libressl/crypto/CMakeFiles/crypto_obj.dir/idea/i_skey.c.o
[616/1420] Building C object externals/libressl/crypto/CMakeFiles/crypto_obj.dir/kdf/hkdf_evp.c.o
[617/1420] Building C object externals/libressl/crypto/CMakeFiles/crypto_obj.dir/kdf/kdf_err.c.o
[618/1420] Building C object externals/libressl/crypto/CMakeFiles/crypto_obj.dir/lhash/lh_stats.c.o
[619/1420] Building C object externals/libressl/crypto/CMakeFiles/crypto_obj.dir/lhash/lhash.c.o
[620/1420] Building C object externals/libressl/crypto/CMakeFiles/crypto_obj.dir/md4/md4_dgst.c.o
[621/1420] Building C object externals/libressl/crypto/CMakeFiles/crypto_obj.dir/md4/md4_one.c.o
[622/1420] Building C object externals/libressl/crypto/CMakeFiles/crypto_obj.dir/md5/md5_dgst.c.o
[623/1420] Building C object externals/libressl/crypto/CMakeFiles/crypto_obj.dir/md5/md5_one.c.o
[624/1420] Building C object externals/libressl/crypto/CMakeFiles/crypto_obj.dir/modes/cbc128.c.o
[625/1420] Building C object externals/libressl/crypto/CMakeFiles/crypto_obj.dir/modes/ccm128.c.o
[626/1420] Building C object externals/libressl/crypto/CMakeFiles/crypto_obj.dir/modes/cfb128.c.o
[627/1420] Building C object externals/libressl/crypto/CMakeFiles/crypto_obj.dir/modes/ctr128.c.o
[628/1420] Building C object externals/libressl/crypto/CMakeFiles/crypto_obj.dir/modes/gcm128.c.o
[629/1420] Building C object externals/libressl/crypto/CMakeFiles/crypto_obj.dir/modes/ofb128.c.o
[630/1420] Building C object externals/libressl/crypto/CMakeFiles/crypto_obj.dir/modes/xts128.c.o
[631/1420] Building C object externals/libressl/crypto/CMakeFiles/crypto_obj.dir/objects/o_names.c.o
[632/1420] Building C object externals/libressl/crypto/CMakeFiles/crypto_obj.dir/objects/obj_err.c.o
[633/1420] Building C object externals/libressl/crypto/CMakeFiles/crypto_obj.dir/objects/obj_dat.c.o
[634/1420] Building C object externals/libressl/crypto/CMakeFiles/crypto_obj.dir/objects/obj_lib.c.o
[635/1420] Building C object externals/libressl/crypto/CMakeFiles/crypto_obj.dir/objects/obj_xref.c.o
[636/1420] Building C object externals/libressl/crypto/CMakeFiles/crypto_obj.dir/ocsp/ocsp_asn.c.o
[637/1420] Building C object externals/libressl/crypto/CMakeFiles/crypto_obj.dir/ocsp/ocsp_cl.c.o
[638/1420] Building C object externals/libressl/crypto/CMakeFiles/crypto_obj.dir/ocsp/ocsp_err.c.o
[639/1420] Building C object externals/libressl/crypto/CMakeFiles/crypto_obj.dir/ocsp/ocsp_ext.c.o
[640/1420] Building C object externals/libressl/crypto/CMakeFiles/crypto_obj.dir/ocsp/ocsp_ht.c.o
[641/1420] Building C object externals/libressl/crypto/CMakeFiles/crypto_obj.dir/ocsp/ocsp_lib.c.o
[642/1420] Building C object externals/libressl/crypto/CMakeFiles/crypto_obj.dir/ocsp/ocsp_prn.c.o
[643/1420] Building C object externals/libressl/crypto/CMakeFiles/crypto_obj.dir/ocsp/ocsp_srv.c.o
[644/1420] Building C object externals/libressl/crypto/CMakeFiles/crypto_obj.dir/ocsp/ocsp_vfy.c.o
[645/1420] Building C object externals/libressl/crypto/CMakeFiles/crypto_obj.dir/pem/pem_all.c.o
[646/1420] Building C object externals/libressl/crypto/CMakeFiles/crypto_obj.dir/pem/pem_err.c.o
[647/1420] Building C object externals/libressl/crypto/CMakeFiles/crypto_obj.dir/pem/pem_info.c.o
[648/1420] Building C object externals/libressl/crypto/CMakeFiles/crypto_obj.dir/pem/pem_oth.c.o
[649/1420] Building C object externals/libressl/crypto/CMakeFiles/crypto_obj.dir/pem/pem_pk8.c.o
[650/1420] Building C object externals/libressl/crypto/CMakeFiles/crypto_obj.dir/pem/pem_pkey.c.o
[651/1420] Building C object externals/libressl/crypto/CMakeFiles/crypto_obj.dir/pem/pem_lib.c.o
[652/1420] Building C object externals/libressl/crypto/CMakeFiles/crypto_obj.dir/pem/pem_sign.c.o
[653/1420] Building C object externals/libressl/crypto/CMakeFiles/crypto_obj.dir/pem/pem_x509.c.o
[654/1420] Building C object externals/libressl/crypto/CMakeFiles/crypto_obj.dir/pem/pem_xaux.c.o
[655/1420] Building C object externals/libressl/crypto/CMakeFiles/crypto_obj.dir/pem/pvkfmt.c.o
[656/1420] Building C object externals/libressl/crypto/CMakeFiles/crypto_obj.dir/pkcs12/p12_add.c.o
[657/1420] Building C object externals/libressl/crypto/CMakeFiles/crypto_obj.dir/pkcs12/p12_asn.c.o
[658/1420] Building C object externals/libressl/crypto/CMakeFiles/crypto_obj.dir/pkcs12/p12_attr.c.o
[659/1420] Building C object externals/libressl/crypto/CMakeFiles/crypto_obj.dir/pkcs12/p12_crpt.c.o
[660/1420] Building C object externals/libressl/crypto/CMakeFiles/crypto_obj.dir/pkcs12/p12_crt.c.o
[661/1420] Building C object externals/libressl/crypto/CMakeFiles/crypto_obj.dir/pkcs12/p12_decr.c.o
[662/1420] Building C object externals/libressl/crypto/CMakeFiles/crypto_obj.dir/pkcs12/p12_init.c.o
[663/1420] Building C object externals/libressl/crypto/CMakeFiles/crypto_obj.dir/pkcs12/p12_key.c.o
[664/1420] Building C object externals/libressl/crypto/CMakeFiles/crypto_obj.dir/pkcs12/p12_kiss.c.o
[665/1420] Building C object externals/libressl/crypto/CMakeFiles/crypto_obj.dir/pkcs12/p12_mutl.c.o
[666/1420] Building C object externals/libressl/crypto/CMakeFiles/crypto_obj.dir/pkcs12/p12_npas.c.o
[667/1420] Building C object externals/libressl/crypto/CMakeFiles/crypto_obj.dir/pkcs12/p12_p8d.c.o
[668/1420] Building C object externals/libressl/crypto/CMakeFiles/crypto_obj.dir/pkcs12/p12_p8e.c.o
[669/1420] Building C object externals/libressl/crypto/CMakeFiles/crypto_obj.dir/pkcs12/p12_sbag.c.o
[670/1420] Building C object externals/libressl/crypto/CMakeFiles/crypto_obj.dir/pkcs12/p12_utl.c.o
[671/1420] Building C object externals/libressl/crypto/CMakeFiles/crypto_obj.dir/pkcs12/pk12err.c.o
[672/1420] Building C object externals/libressl/crypto/CMakeFiles/crypto_obj.dir/pkcs7/pk7_asn1.c.o
[673/1420] Building C object externals/libressl/crypto/CMakeFiles/crypto_obj.dir/pkcs7/pk7_attr.c.o
[674/1420] Building C object externals/libressl/crypto/CMakeFiles/crypto_obj.dir/pkcs7/pk7_doit.c.o
[675/1420] Building C object externals/libressl/crypto/CMakeFiles/crypto_obj.dir/pkcs7/pk7_lib.c.o
[676/1420] Building C object externals/libressl/crypto/CMakeFiles/crypto_obj.dir/pkcs7/pk7_mime.c.o
[677/1420] Building C object externals/libressl/crypto/CMakeFiles/crypto_obj.dir/pkcs7/pk7_smime.c.o
[678/1420] Building C object externals/libressl/crypto/CMakeFiles/crypto_obj.dir/pkcs7/pkcs7err.c.o
[679/1420] Building C object externals/libressl/crypto/CMakeFiles/crypto_obj.dir/poly1305/poly1305.c.o
[680/1420] Building C object externals/libressl/crypto/CMakeFiles/crypto_obj.dir/rand/rand_err.c.o
[681/1420] Building C object externals/libressl/crypto/CMakeFiles/crypto_obj.dir/rand/rand_lib.c.o
[682/1420] Building C object externals/libressl/crypto/CMakeFiles/crypto_obj.dir/rand/randfile.c.o
[683/1420] Building C object externals/libressl/crypto/CMakeFiles/crypto_obj.dir/rc2/rc2_cbc.c.o
[684/1420] Building C object externals/libressl/crypto/CMakeFiles/crypto_obj.dir/rc2/rc2_ecb.c.o
[685/1420] Building C object externals/libressl/crypto/CMakeFiles/crypto_obj.dir/rc2/rc2_skey.c.o
[686/1420] Building C object externals/libressl/crypto/CMakeFiles/crypto_obj.dir/rc2/rc2cfb64.c.o
[687/1420] Building C object externals/libressl/crypto/CMakeFiles/crypto_obj.dir/rc2/rc2ofb64.c.o
[688/1420] Building C object externals/libressl/crypto/CMakeFiles/crypto_obj.dir/ripemd/rmd_one.c.o
[689/1420] Building C object externals/libressl/crypto/CMakeFiles/crypto_obj.dir/ripemd/rmd_dgst.c.o
[690/1420] Building C object externals/libressl/crypto/CMakeFiles/crypto_obj.dir/rsa/rsa_ameth.c.o
[691/1420] Building C object externals/libressl/crypto/CMakeFiles/crypto_obj.dir/rsa/rsa_asn1.c.o
[692/1420] Building C object externals/libressl/crypto/CMakeFiles/crypto_obj.dir/rsa/rsa_chk.c.o
[693/1420] Building C object externals/libressl/crypto/CMakeFiles/crypto_obj.dir/rsa/rsa_crpt.c.o
[694/1420] Building C object externals/libressl/crypto/CMakeFiles/crypto_obj.dir/rsa/rsa_eay.c.o
[695/1420] Building C object externals/libressl/crypto/CMakeFiles/crypto_obj.dir/rsa/rsa_err.c.o
[696/1420] Building C object externals/libressl/crypto/CMakeFiles/crypto_obj.dir/rsa/rsa_gen.c.o
[697/1420] Building C object externals/libressl/crypto/CMakeFiles/crypto_obj.dir/rsa/rsa_lib.c.o
[698/1420] Building C object externals/libressl/crypto/CMakeFiles/crypto_obj.dir/rsa/rsa_meth.c.o
[699/1420] Building C object externals/libressl/crypto/CMakeFiles/crypto_obj.dir/rsa/rsa_none.c.o
[700/1420] Building C object externals/libressl/crypto/CMakeFiles/crypto_obj.dir/rsa/rsa_oaep.c.o
[701/1420] Building C object externals/libressl/crypto/CMakeFiles/crypto_obj.dir/rsa/rsa_pk1.c.o
[702/1420] Building C object externals/libressl/crypto/CMakeFiles/crypto_obj.dir/rsa/rsa_prn.c.o
[703/1420] Building C object externals/libressl/crypto/CMakeFiles/crypto_obj.dir/rsa/rsa_pmeth.c.o
[704/1420] Building C object externals/libressl/crypto/CMakeFiles/crypto_obj.dir/rsa/rsa_pss.c.o
[705/1420] Building C object externals/libressl/crypto/CMakeFiles/crypto_obj.dir/rsa/rsa_saos.c.o
[706/1420] Building C object externals/libressl/crypto/CMakeFiles/crypto_obj.dir/rsa/rsa_sign.c.o
[707/1420] Building C object externals/libressl/crypto/CMakeFiles/crypto_obj.dir/rsa/rsa_x931.c.o
[708/1420] Building C object externals/libressl/crypto/CMakeFiles/crypto_obj.dir/sha/sha3.c.o
[709/1420] Building C object externals/libressl/crypto/CMakeFiles/crypto_obj.dir/sha/sha1.c.o
[710/1420] Building C object externals/libressl/crypto/CMakeFiles/crypto_obj.dir/sha/sha256.c.o
[711/1420] Building C object externals/libressl/crypto/CMakeFiles/crypto_obj.dir/sha/sha512.c.o
[712/1420] Building C object externals/libressl/crypto/CMakeFiles/crypto_obj.dir/sm4/sm4.c.o
[713/1420] Building C object externals/libressl/crypto/CMakeFiles/crypto_obj.dir/stack/stack.c.o
[714/1420] Building C object externals/libressl/crypto/CMakeFiles/crypto_obj.dir/sm3/sm3.c.o
[715/1420] Building C object externals/libressl/crypto/CMakeFiles/crypto_obj.dir/ts/ts_asn1.c.o
[716/1420] Building C object externals/libressl/crypto/CMakeFiles/crypto_obj.dir/ts/ts_conf.c.o
[717/1420] Building C object externals/libressl/crypto/CMakeFiles/crypto_obj.dir/ts/ts_err.c.o
[718/1420] Building C object externals/libressl/crypto/CMakeFiles/crypto_obj.dir/ts/ts_lib.c.o
[719/1420] Building C object externals/libressl/crypto/CMakeFiles/crypto_obj.dir/ts/ts_req_print.c.o
[720/1420] Building C object externals/libressl/crypto/CMakeFiles/crypto_obj.dir/ts/ts_req_utils.c.o
[721/1420] Building C object externals/libressl/crypto/CMakeFiles/crypto_obj.dir/ts/ts_rsp_print.c.o
[722/1420] Building C object externals/libressl/crypto/CMakeFiles/crypto_obj.dir/ts/ts_rsp_sign.c.o
[723/1420] Building C object externals/libressl/crypto/CMakeFiles/crypto_obj.dir/ts/ts_rsp_utils.c.o
[724/1420] Building C object externals/libressl/crypto/CMakeFiles/crypto_obj.dir/ts/ts_verify_ctx.c.o
[725/1420] Building C object externals/libressl/crypto/CMakeFiles/crypto_obj.dir/ts/ts_rsp_verify.c.o
[726/1420] Building C object externals/libressl/crypto/CMakeFiles/crypto_obj.dir/txt_db/txt_db.c.o
[727/1420] Building C object externals/libressl/crypto/CMakeFiles/crypto_obj.dir/ui/ui_err.c.o
[728/1420] Building C object externals/libressl/crypto/CMakeFiles/crypto_obj.dir/ui/ui_null.c.o
[729/1420] Building C object externals/libressl/crypto/CMakeFiles/crypto_obj.dir/ui/ui_lib.c.o
[730/1420] Building C object externals/libressl/crypto/CMakeFiles/crypto_obj.dir/ui/ui_util.c.o
[731/1420] Building C object externals/libressl/crypto/CMakeFiles/crypto_obj.dir/whrlpool/wp_dgst.c.o
[732/1420] Building C object externals/libressl/crypto/CMakeFiles/crypto_obj.dir/x509/by_dir.c.o
[733/1420] Building C object externals/libressl/crypto/CMakeFiles/crypto_obj.dir/x509/by_file.c.o
[734/1420] Building C object externals/libressl/crypto/CMakeFiles/crypto_obj.dir/x509/by_mem.c.o
[735/1420] Building C object externals/libressl/crypto/CMakeFiles/crypto_obj.dir/x509/x509_akey.c.o
[736/1420] Building C object externals/libressl/crypto/CMakeFiles/crypto_obj.dir/x509/x509_akeya.c.o
[737/1420] Building C object externals/libressl/crypto/CMakeFiles/crypto_obj.dir/x509/x509_addr.c.o
[738/1420] Building C object externals/libressl/crypto/CMakeFiles/crypto_obj.dir/x509/x509_alt.c.o
[739/1420] Building C object externals/libressl/crypto/CMakeFiles/crypto_obj.dir/x509/x509_att.c.o
[740/1420] Building C object externals/libressl/crypto/CMakeFiles/crypto_obj.dir/x509/x509_asid.c.o
[741/1420] Building C object externals/libressl/crypto/CMakeFiles/crypto_obj.dir/x509/x509_bcons.c.o
[742/1420] Building C object externals/libressl/crypto/CMakeFiles/crypto_obj.dir/x509/x509_bitst.c.o
[743/1420] Building C object externals/libressl/crypto/CMakeFiles/crypto_obj.dir/x509/x509_cmp.c.o
[744/1420] Building C object externals/libressl/crypto/CMakeFiles/crypto_obj.dir/x509/x509_conf.c.o
[745/1420] Building C object externals/libressl/crypto/CMakeFiles/crypto_obj.dir/x509/x509_cpols.c.o
[746/1420] Building C object externals/libressl/crypto/CMakeFiles/crypto_obj.dir/x509/x509_constraints.c.o
[747/1420] Building C object externals/libressl/crypto/CMakeFiles/crypto_obj.dir/x509/x509_d2.c.o
[748/1420] Building C object externals/libressl/crypto/CMakeFiles/crypto_obj.dir/x509/x509_crld.c.o
[749/1420] Building C object externals/libressl/crypto/CMakeFiles/crypto_obj.dir/x509/x509_def.c.o
[750/1420] Building C object externals/libressl/crypto/CMakeFiles/crypto_obj.dir/x509/x509_err.c.o
[751/1420] Building C object externals/libressl/crypto/CMakeFiles/crypto_obj.dir/x509/x509_ext.c.o
[752/1420] Building C object externals/libressl/crypto/CMakeFiles/crypto_obj.dir/x509/x509_extku.c.o
[753/1420] Building C object externals/libressl/crypto/CMakeFiles/crypto_obj.dir/x509/x509_genn.c.o
[754/1420] Building C object externals/libressl/crypto/CMakeFiles/crypto_obj.dir/x509/x509_ia5.c.o
[755/1420] Building C object externals/libressl/crypto/CMakeFiles/crypto_obj.dir/x509/x509_int.c.o
[756/1420] Building C object externals/libressl/crypto/CMakeFiles/crypto_obj.dir/x509/x509_info.c.o
[757/1420] Building C object externals/libressl/crypto/CMakeFiles/crypto_obj.dir/x509/x509_lib.c.o
[758/1420] Building C object externals/libressl/crypto/CMakeFiles/crypto_obj.dir/x509/x509_issuer_cache.c.o
[759/1420] Building C object externals/libressl/crypto/CMakeFiles/crypto_obj.dir/x509/x509_ncons.c.o
[760/1420] Building C object externals/libressl/crypto/CMakeFiles/crypto_obj.dir/x509/x509_lu.c.o
[761/1420] Building C object externals/libressl/crypto/CMakeFiles/crypto_obj.dir/x509/x509_obj.c.o
[762/1420] Building C object externals/libressl/crypto/CMakeFiles/crypto_obj.dir/x509/x509_ocsp.c.o
[763/1420] Building C object externals/libressl/crypto/CMakeFiles/crypto_obj.dir/x509/x509_pcons.c.o
[764/1420] Building C object externals/libressl/crypto/CMakeFiles/crypto_obj.dir/x509/x509_pku.c.o
[765/1420] Building C object externals/libressl/crypto/CMakeFiles/crypto_obj.dir/x509/x509_pmaps.c.o
[766/1420] Building C object externals/libressl/crypto/CMakeFiles/crypto_obj.dir/x509/x509_policy.c.o
[767/1420] Building C object externals/libressl/crypto/CMakeFiles/crypto_obj.dir/x509/x509_prn.c.o
[768/1420] Building C object externals/libressl/crypto/CMakeFiles/crypto_obj.dir/x509/x509_r2x.c.o
[769/1420] Building C object externals/libressl/crypto/CMakeFiles/crypto_obj.dir/x509/x509_purp.c.o
[770/1420] Building C object externals/libressl/crypto/CMakeFiles/crypto_obj.dir/x509/x509_req.c.o
[771/1420] Building C object externals/libressl/crypto/CMakeFiles/crypto_obj.dir/x509/x509_set.c.o
[772/1420] Building C object externals/libressl/crypto/CMakeFiles/crypto_obj.dir/x509/x509_skey.c.o
[773/1420] Building C object externals/libressl/crypto/CMakeFiles/crypto_obj.dir/x509/x509_trs.c.o
[774/1420] Building C object externals/libressl/crypto/CMakeFiles/crypto_obj.dir/x509/x509_txt.c.o
[775/1420] Building C object externals/libressl/crypto/CMakeFiles/crypto_obj.dir/x509/x509_v3.c.o
[776/1420] Building C object externals/libressl/crypto/CMakeFiles/crypto_obj.dir/x509/x509_utl.c.o
[777/1420] Building C object externals/libressl/crypto/CMakeFiles/crypto_obj.dir/x509/x509_verify.c.o
[778/1420] Building C object externals/libressl/crypto/CMakeFiles/crypto_obj.dir/x509/x509_vfy.c.o
[779/1420] Building C object externals/libressl/crypto/CMakeFiles/crypto_obj.dir/x509/x509_vpm.c.o
[780/1420] Building C object externals/libressl/crypto/CMakeFiles/crypto_obj.dir/x509/x509cset.c.o
[781/1420] Building C object externals/libressl/crypto/CMakeFiles/crypto_obj.dir/x509/x509name.c.o
[782/1420] Building C object externals/libressl/crypto/CMakeFiles/crypto_obj.dir/x509/x509rset.c.o
[783/1420] Building C object externals/libressl/crypto/CMakeFiles/crypto_obj.dir/x509/x509spki.c.o
[784/1420] Building C object externals/libressl/crypto/CMakeFiles/crypto_obj.dir/x509/x509type.c.o
[785/1420] Building C object externals/libressl/crypto/CMakeFiles/crypto_obj.dir/x509/x_all.c.o
[786/1420] Building C object externals/libressl/crypto/CMakeFiles/crypto_obj.dir/crypto_lock.c.o
[787/1420] Building C object externals/libressl/crypto/CMakeFiles/crypto_obj.dir/bio/b_posix.c.o
[788/1420] Building C object externals/libressl/crypto/CMakeFiles/crypto_obj.dir/bio/bss_log.c.o
[789/1420] Building C object externals/libressl/crypto/CMakeFiles/crypto_obj.dir/ui/ui_openssl.c.o
[790/1420] Building C object externals/libressl/crypto/CMakeFiles/crypto_obj.dir/compat/bsd-asprintf.c.o
[791/1420] Building C object externals/libressl/crypto/CMakeFiles/crypto_obj.dir/compat/freezero.c.o
[792/1420] Building C object externals/libressl/crypto/CMakeFiles/crypto_obj.dir/compat/getpagesize.c.o
[793/1420] Building C object externals/libressl/crypto/CMakeFiles/crypto_obj.dir/compat/getprogname_unimpl.c.o
[794/1420] Building C object externals/libressl/crypto/CMakeFiles/crypto_obj.dir/compat/reallocarray.c.o
[795/1420] Building C object externals/libressl/crypto/CMakeFiles/crypto_obj.dir/compat/recallocarray.c.o
[796/1420] Building C object externals/libressl/crypto/CMakeFiles/crypto_obj.dir/compat/strcasecmp.c.o
[797/1420] Building C object externals/libressl/crypto/CMakeFiles/crypto_obj.dir/compat/strlcat.c.o
[798/1420] Building C object externals/libressl/crypto/CMakeFiles/crypto_obj.dir/compat/strlcpy.c.o
[799/1420] Building C object externals/libressl/crypto/CMakeFiles/crypto_obj.dir/compat/strndup.c.o
[800/1420] Building C object externals/libressl/crypto/CMakeFiles/crypto_obj.dir/compat/strsep.c.o
[801/1420] Building C object externals/libressl/crypto/CMakeFiles/crypto_obj.dir/compat/strtonum.c.o
[802/1420] Building C object externals/libressl/crypto/CMakeFiles/crypto_obj.dir/compat/syslog_r.c.o
[803/1420] Building C object externals/libressl/crypto/CMakeFiles/crypto_obj.dir/compat/explicit_bzero.c.o
[804/1420] Building C object externals/libressl/crypto/CMakeFiles/crypto_obj.dir/compat/timegm.c.o
[805/1420] Building C object externals/libressl/crypto/CMakeFiles/crypto_obj.dir/compat/arc4random_uniform.c.o
[806/1420] Building C object externals/libressl/crypto/CMakeFiles/crypto_obj.dir/compat/arc4random.c.o
[807/1420] Building C object externals/libressl/crypto/CMakeFiles/crypto_obj.dir/compat/timingsafe_bcmp.c.o
[808/1420] Building C object externals/libressl/crypto/CMakeFiles/crypto_obj.dir/compat/timingsafe_memcmp.c.o
[809/1420] Building C object externals/libressl/crypto/CMakeFiles/crypto.dir/empty.c.o
[810/1420] Generating scm_rev.cpp
[811/1420] Building C object externals/enet/CMakeFiles/enet.dir/callbacks.c.o
[812/1420] Building C object externals/enet/CMakeFiles/enet.dir/compress.c.o
[813/1420] Building C object externals/enet/CMakeFiles/enet.dir/host.c.o
[814/1420] Building C object externals/enet/CMakeFiles/enet.dir/list.c.o
[815/1420] Building C object externals/enet/CMakeFiles/enet.dir/packet.c.o
[816/1420] Building C object externals/enet/CMakeFiles/enet.dir/peer.c.o
[817/1420] Building C object externals/enet/CMakeFiles/enet.dir/unix.c.o
[818/1420] Building C object externals/enet/CMakeFiles/enet.dir/win32.c.o
[819/1420] Building C object externals/enet/CMakeFiles/enet.dir/protocol.c.o
[820/1420] Linking C static library externals\libressl\crypto\libcrypto.a
[821/1420] Building C object externals/libressl/ssl/CMakeFiles/ssl_obj.dir/bio_ssl.c.o
[822/1420] Building C object externals/libressl/ssl/CMakeFiles/ssl_obj.dir/d1_lib.c.o
[823/1420] Building C object externals/libressl/ssl/CMakeFiles/ssl_obj.dir/d1_both.c.o
[824/1420] Building C object externals/libressl/ssl/CMakeFiles/ssl_obj.dir/d1_srtp.c.o
[825/1420] Building C object externals/libressl/ssl/CMakeFiles/ssl_obj.dir/d1_pkt.c.o
[826/1420] Building C object externals/libressl/ssl/CMakeFiles/ssl_obj.dir/pqueue.c.o
[827/1420] Building C object externals/libressl/ssl/CMakeFiles/ssl_obj.dir/s3_cbc.c.o
[828/1420] Building C object externals/libressl/ssl/CMakeFiles/ssl_obj.dir/ssl_algs.c.o
[829/1420] Building C object externals/libressl/ssl/CMakeFiles/ssl_obj.dir/s3_lib.c.o
[830/1420] Building C object externals/libressl/ssl/CMakeFiles/ssl_obj.dir/ssl_asn1.c.o
[831/1420] Building C object externals/libressl/ssl/CMakeFiles/ssl_obj.dir/ssl_both.c.o
[832/1420] Building C object externals/libressl/ssl/CMakeFiles/ssl_obj.dir/ssl_cert.c.o
[833/1420] Building C object externals/libressl/ssl/CMakeFiles/ssl_obj.dir/ssl_ciphers.c.o
[834/1420] Building C object externals/libressl/ssl/CMakeFiles/ssl_obj.dir/ssl_ciph.c.o
[835/1420] Building C object externals/libressl/ssl/CMakeFiles/ssl_obj.dir/ssl_err.c.o
[836/1420] Building C object externals/libressl/ssl/CMakeFiles/ssl_obj.dir/ssl_clnt.c.o
[837/1420] Building C object externals/libressl/ssl/CMakeFiles/ssl_obj.dir/ssl_init.c.o
[838/1420] Building C object externals/libressl/ssl/CMakeFiles/ssl_obj.dir/ssl_kex.c.o
[839/1420] Building C object externals/libressl/ssl/CMakeFiles/ssl_obj.dir/ssl_methods.c.o
[840/1420] Building C object externals/libressl/ssl/CMakeFiles/ssl_obj.dir/ssl_packet.c.o
[841/1420] Building C object externals/libressl/ssl/CMakeFiles/ssl_obj.dir/ssl_pkt.c.o
[842/1420] Building C object externals/libressl/ssl/CMakeFiles/ssl_obj.dir/ssl_lib.c.o
[843/1420] Building C object externals/libressl/ssl/CMakeFiles/ssl_obj.dir/ssl_rsa.c.o
[844/1420] Building C object externals/libressl/ssl/CMakeFiles/ssl_obj.dir/ssl_seclevel.c.o
[845/1420] Building C object externals/libressl/ssl/CMakeFiles/ssl_obj.dir/ssl_sess.c.o
[846/1420] Building C object externals/libressl/ssl/CMakeFiles/ssl_obj.dir/ssl_sigalgs.c.o
[847/1420] Building C object externals/libressl/ssl/CMakeFiles/ssl_obj.dir/ssl_stat.c.o
[848/1420] Building C object externals/libressl/ssl/CMakeFiles/ssl_obj.dir/ssl_srvr.c.o
[849/1420] Building C object externals/libressl/ssl/CMakeFiles/ssl_obj.dir/ssl_transcript.c.o
[850/1420] Building C object externals/libressl/ssl/CMakeFiles/ssl_obj.dir/ssl_tlsext.c.o
[851/1420] Building C object externals/libressl/ssl/CMakeFiles/ssl_obj.dir/ssl_txt.c.o
[852/1420] Building C object externals/libressl/ssl/CMakeFiles/ssl_obj.dir/ssl_versions.c.o
[853/1420] Building C object externals/libressl/ssl/CMakeFiles/ssl_obj.dir/t1_enc.c.o
[854/1420] Building C object externals/libressl/ssl/CMakeFiles/ssl_obj.dir/t1_lib.c.o
[855/1420] Building C object externals/libressl/ssl/CMakeFiles/ssl_obj.dir/tls_buffer.c.o
[856/1420] Building C object externals/libressl/ssl/CMakeFiles/ssl_obj.dir/tls_content.c.o
[857/1420] Building C object externals/libressl/ssl/CMakeFiles/ssl_obj.dir/tls_key_share.c.o
[858/1420] Building C object externals/libressl/ssl/CMakeFiles/ssl_obj.dir/tls_lib.c.o
[859/1420] Building C object externals/libressl/ssl/CMakeFiles/ssl_obj.dir/tls12_key_schedule.c.o
[860/1420] Building C object externals/libressl/ssl/CMakeFiles/ssl_obj.dir/tls12_lib.c.o
[861/1420] Building C object externals/libressl/ssl/CMakeFiles/ssl_obj.dir/tls12_record_layer.c.o
[862/1420] Building C object externals/libressl/ssl/CMakeFiles/ssl_obj.dir/tls13_error.c.o
[863/1420] Building C object externals/libressl/ssl/CMakeFiles/ssl_obj.dir/tls13_client.c.o
[864/1420] Building C object externals/libressl/ssl/CMakeFiles/ssl_obj.dir/tls13_handshake.c.o
[865/1420] Building C object externals/libressl/ssl/CMakeFiles/ssl_obj.dir/tls13_handshake_msg.c.o
[866/1420] Building C object externals/libressl/ssl/CMakeFiles/ssl_obj.dir/tls13_key_schedule.c.o
[867/1420] Building C object externals/libressl/ssl/CMakeFiles/ssl_obj.dir/tls13_legacy.c.o
[868/1420] Building C object externals/libressl/ssl/CMakeFiles/ssl_obj.dir/tls13_lib.c.o
[869/1420] Building C object externals/libressl/ssl/CMakeFiles/ssl_obj.dir/tls13_quic.c.o
[870/1420] Building C object externals/libressl/ssl/CMakeFiles/ssl_obj.dir/tls13_record.c.o
[871/1420] Building C object externals/libressl/ssl/CMakeFiles/ssl_obj.dir/tls13_record_layer.c.o
[872/1420] Building C object externals/libressl/ssl/CMakeFiles/ssl.dir/empty.c.o
[873/1420] Building C object externals/libressl/ssl/CMakeFiles/ssl_obj.dir/tls13_server.c.o
[874/1420] Building CXX object src/common/CMakeFiles/citra_common.dir/android_storage.cpp.o
[875/1420] Building CXX object src/common/CMakeFiles/citra_common.dir/aarch64/cpu_detect.cpp.o
[876/1420] Building CXX object src/common/CMakeFiles/citra_common.dir/cityhash.cpp.o
[877/1420] Building CXX object src/common/CMakeFiles/citra_common.dir/dynamic_library/dynamic_library.cpp.o
[878/1420] Building CXX object src/common/CMakeFiles/citra_common.dir/dynamic_library/ffmpeg.cpp.o
[879/1420] Building CXX object src/common/CMakeFiles/citra_common.dir/detached_tasks.cpp.o
[880/1420] Building CXX object src/common/CMakeFiles/citra_common.dir/error.cpp.o
[881/1420] Building CXX object src/common/CMakeFiles/citra_common.dir/hacks/hack_list.cpp.o
[882/1420] Building CXX object src/common/CMakeFiles/citra_common.dir/hacks/hack_manager.cpp.o
[883/1420] Building CXX object src/common/CMakeFiles/citra_common.dir/logging/filter.cpp.o
[884/1420] Building CXX object src/common/CMakeFiles/citra_common.dir/file_util.cpp.o
[885/1420] Building CXX object src/common/CMakeFiles/citra_common.dir/logging/text_formatter.cpp.o
[886/1420] Building CXX object src/common/CMakeFiles/citra_common.dir/math_util.cpp.o
[887/1420] Building CXX object src/common/CMakeFiles/citra_common.dir/memory_detect.cpp.o
[888/1420] Building CXX object src/common/CMakeFiles/citra_common.dir/microprofile.cpp.o
[889/1420] Building CXX object src/common/CMakeFiles/citra_common.dir/logging/backend.cpp.o
[890/1420] Building CXX object src/common/CMakeFiles/citra_common.dir/scm_rev.cpp.o
[891/1420] Building CXX object src/common/CMakeFiles/citra_common.dir/memory_ref.cpp.o
[892/1420] Building CXX object src/common/CMakeFiles/citra_common.dir/param_package.cpp.o
[893/1420] Building CXX object src/common/CMakeFiles/citra_common.dir/play_time_manager.cpp.o
[894/1420] Building CXX object src/common/CMakeFiles/citra_common.dir/texture.cpp.o
[895/1420] Building CXX object src/common/CMakeFiles/citra_common.dir/string_util.cpp.o
[896/1420] Building CXX object src/common/CMakeFiles/citra_common.dir/x64/cpu_detect.cpp.o
[897/1420] Building CXX object src/common/CMakeFiles/citra_common.dir/settings.cpp.o
[898/1420] Building CXX object src/common/CMakeFiles/citra_common.dir/thread.cpp.o
[899/1420] Building C object externals/faad2/CMakeFiles/faad2.dir/faad2/libfaad/bits.c.o
FAILED: externals/faad2/CMakeFiles/faad2.dir/faad2/libfaad/bits.c.o 
C:\Users\shubadub\emsdk\upstream\emscripten\emcc.exe -DBOOST_ASIO_DISABLE_CONCEPTS -DBOOST_DATE_TIME_NO_LIB -DBOOST_ERROR_CODE_HEADER_ONLY -DBOOST_NO_CXX98_FUNCTION_BASE -DBOOST_REGEX_NO_LIB -DBOOST_SYSTEM_NO_LIB -DDISABLE_SBR -DENABLE_SDL2 -DENABLE_SDL2_FRONTEND -DFAAD_VERSION=2.11.1 -DHAVE_DLFCN_H="" -DHAVE_ERRNO_H="" -DHAVE_FLOAT_H="" -DHAVE_GETPWUID="" -DHAVE_INTTYPES_H="" -DHAVE_IOKIT_IOKITLIB_H="" -DHAVE_LIMITS_H="" -DHAVE_LRINTF="" -DHAVE_MATHF_H="" -DHAVE_MEMCPY="" -DHAVE_STDINT_H="" -DHAVE_STDIO_H="" -DHAVE_STDLIB_H="" -DHAVE_STRCHR="" -DHAVE_STRINGS_H="" -DHAVE_STRING_H="" -DHAVE_STRSEP=0 -DHAVE_SYSFS_LIBSYSFS_H="" -DHAVE_SYS_STAT_H="" -DHAVE_SYS_TIME_H="" -DHAVE_SYS_TYPES_H="" -DHAVE_UNISTD_H="" -DLC_ONLY_DECODER -DPACKAGE_VERSION=\"2.11.1\" -DSTDC_HEADERS -IC:/Users/shubadub/Documents/azahar/azahar/externals/faad2/faad2/include -IC:/Users/shubadub/Documents/azahar/azahar/externals/faad2/faad2/libfaad -pthread -msimd128 -O3 -DNDEBUG -Wno-c++11-narrowing -pthread -w -MD -MT externals/faad2/CMakeFiles/faad2.dir/faad2/libfaad/bits.c.o -MF externals\faad2\CMakeFiles\faad2.dir\faad2\libfaad\bits.c.o.d -o externals/faad2/CMakeFiles/faad2.dir/faad2/libfaad/bits.c.o -c C:/Users/shubadub/Documents/azahar/azahar/externals/faad2/faad2/libfaad/bits.c
In file included from C:/Users/shubadub/Documents/azahar/azahar/externals/faad2/faad2/libfaad/bits.c:31:
C:/Users/shubadub/Documents/azahar/azahar/externals/faad2/faad2/libfaad\common.h:198:21: error: expected value in expression
  198 | #if HAVE_SYS_TYPES_H
      |                     ^
C:/Users/shubadub/Documents/azahar/azahar/externals/faad2/faad2/libfaad\common.h:201:20: error: expected value in expression
  201 | #if HAVE_SYS_STAT_H
      |                    ^
C:/Users/shubadub/Documents/azahar/azahar/externals/faad2/faad2/libfaad\common.h:212:18: error: expected value in expression
  212 | #if HAVE_STRING_H
      |                  ^
C:/Users/shubadub/Documents/azahar/azahar/externals/faad2/faad2/libfaad\common.h:218:19: error: expected value in expression
  218 | #if HAVE_STRINGS_H
      |                   ^
C:/Users/shubadub/Documents/azahar/azahar/externals/faad2/faad2/libfaad\common.h:221:20: error: expected value in expression
  221 | #if HAVE_INTTYPES_H
      |                    ^
C:/Users/shubadub/Documents/azahar/azahar/externals/faad2/faad2/libfaad\common.h:224:19: error: expected value in expression
  224 | # if HAVE_STDINT_H
      |                   ^
C:/Users/shubadub/Documents/azahar/azahar/externals/faad2/faad2/libfaad\common.h:235:23: error: typedef redefinition with different types ('unsigned long' vs 'unsigned int')
  235 | typedef unsigned long uint32_t;
      |                       ^
C:\Users\shubadub\AppData\Local\emscripten_cache\sysroot/include\bits/alltypes.h:190:26: note: previous definition is here
  190 | typedef __UINT32_TYPE__  uint32_t;
      |                          ^
In file included from C:/Users/shubadub/Documents/azahar/azahar/externals/faad2/faad2/libfaad/bits.c:31:
C:/Users/shubadub/Documents/azahar/azahar/externals/faad2/faad2/libfaad\common.h:238:21: error: typedef redefinition with different types ('long' vs 'int')
  238 | typedef signed long int32_t;
      |                     ^
C:\Users\shubadub\AppData\Local\emscripten_cache\sysroot/include\bits/alltypes.h:165:26: note: previous definition is here
  165 | typedef __INT32_TYPE__   int32_t;
      |                          ^
In file included from C:/Users/shubadub/Documents/azahar/azahar/externals/faad2/faad2/libfaad/bits.c:31:
C:/Users/shubadub/Documents/azahar/azahar/externals/faad2/faad2/libfaad\common.h:243:18: error: expected value in expression
  243 | #if HAVE_UNISTD_H
      |                  ^
9 errors generated.
[900/1420] Building CXX object src/common/CMakeFiles/citra_common.dir/timer.cpp.o
[901/1420] Building CXX object src/common/CMakeFiles/citra_common.dir/linux/gamemode.cpp.o
[902/1420] Building CXX object src/common/CMakeFiles/citra_common.dir/zstd_compression.cpp.o
ninja: build stopped: subcommand failed.
